
  .   ____          _            __ _ _
 /\\ / ___'_ __ _ _(_)_ __  __ _ \ \ \ \
( ( )\___ | '_ | '_| | '_ \/ _` | \ \ \ \
 \\/  ___)| |_)| | | | | || (_| |  ) ) ) )
  '  |____| .__|_| |_|_| |_\__, | / / / /
 =========|_|==============|___/=/_/_/_/

 :: Spring Boot ::                (v4.1.1)

2026-09-23T09:44:06.089+07:00  INFO 18048 --- [discovery-server] [           main] c.s.d.DiscoveryServerApplication         : Starting DiscoveryServerApplication v0.0.1-SNAPSHOT using Java 17.0.18 with PID 18048 (D:\Work\Rikkei\Microservice\Demo\project\discovery-server\build\libs\discovery-server-0.0.1-SNAPSHOT.jar started by lephu in D:\Work\Rikkei\Microservice\Demo\project\discovery-server)
2026-09-23T09:44:06.096+07:00  INFO 18048 --- [discovery-server] [           main] c.s.d.DiscoveryServerApplication         : No active profile set, falling back to 1 default profile: "default"
2026-09-23T09:44:06.191+07:00  INFO 18048 --- [discovery-server] [           main] o.s.c.c.c.ConfigServerConfigDataLoader   : Fetching config from server at : http://localhost:8888
2026-09-23T09:44:06.192+07:00  INFO 18048 --- [discovery-server] [           main] o.s.c.c.c.ConfigServerConfigDataLoader   : Located environment: name=discovery-server, profiles=[default], label=null, version=null, state=null
2026-09-23T09:44:10.317+07:00  INFO 18048 --- [discovery-server] [           main] o.s.cloud.context.scope.GenericScope     : BeanFactory id=5c4338e2-0a5b-31bf-bee3-44bbf2bd4e6c
2026-09-23T09:44:11.778+07:00  INFO 18048 --- [discovery-server] [           main] o.s.boot.tomcat.TomcatWebServer          : Tomcat initialized with port 8761 (http)
2026-09-23T09:44:11.839+07:00  INFO 18048 --- [discovery-server] [           main] o.apache.catalina.core.StandardService   : Starting service [Tomcat]
2026-09-23T09:44:11.841+07:00  INFO 18048 --- [discovery-server] [           main] o.apache.catalina.core.StandardEngine    : Starting Servlet engine: [Apache Tomcat/11.0.24]
2026-09-23T09:44:11.989+07:00  INFO 18048 --- [discovery-server] [           main] b.w.c.s.WebApplicationContextInitializer : Root WebApplicationContext: initialization completed in 5789 ms
2026-09-23T09:44:15.904+07:00  INFO 18048 --- [discovery-server] [           main] c.n.d.provider.DiscoveryJerseyProvider   : Using JSON encoding codec LegacyJacksonJson
2026-09-23T09:44:15.905+07:00  INFO 18048 --- [discovery-server] [           main] c.n.d.provider.DiscoveryJerseyProvider   : Using JSON decoding codec LegacyJacksonJson
2026-09-23T09:44:16.914+07:00  INFO 18048 --- [discovery-server] [           main] c.n.d.provider.DiscoveryJerseyProvider   : Using XML encoding codec XStreamXml
2026-09-23T09:44:16.915+07:00  INFO 18048 --- [discovery-server] [           main] c.n.d.provider.DiscoveryJerseyProvider   : Using XML decoding codec XStreamXml
2026-09-23T09:44:17.972+07:00  INFO 18048 --- [discovery-server] [           main] o.s.v.b.OptionalValidatorFactoryBean     : Failed to set up a Bean Validation provider: jakarta.validation.NoProviderFoundException: Unable to create a Configuration, because no Jakarta Validation provider could be found. Add a provider like Hibernate Validator (RI) to your classpath.
2026-09-23T09:44:20.858+07:00  INFO 18048 --- [discovery-server] [           main] o.s.cloud.commons.util.InetUtils         : Cannot determine local hostname
2026-09-23T09:44:22.995+07:00  INFO 18048 --- [discovery-server] [           main] o.s.cloud.commons.util.InetUtils         : Cannot determine local hostname
2026-09-23T09:44:23.150+07:00  WARN 18048 --- [discovery-server] [           main] iguration$LoadBalancerCaffeineWarnLogger : Spring Cloud LoadBalancer is currently working with the default cache. While this cache implementation is useful for development and tests, it's recommended to use Caffeine cache in production.You can switch to using Caffeine cache, by adding it and org.springframework.cache.caffeine.CaffeineCacheManager to the classpath.
2026-09-23T09:44:23.197+07:00  INFO 18048 --- [discovery-server] [           main] o.s.c.n.eureka.InstanceInfoFactory       : Setting initial instance status as: STARTING
2026-09-23T09:44:23.244+07:00  INFO 18048 --- [discovery-server] [           main] com.netflix.discovery.DiscoveryClient    : Initializing Eureka in region us-east-1
2026-09-23T09:44:23.245+07:00  INFO 18048 --- [discovery-server] [           main] com.netflix.discovery.DiscoveryClient    : Client configured to neither register nor query for data.
2026-09-23T09:44:23.248+07:00  INFO 18048 --- [discovery-server] [           main] com.netflix.discovery.DiscoveryClient    : Discovery Client initialized at timestamp 1790131463247 with initial instances count: 0
2026-09-23T09:44:23.343+07:00  INFO 18048 --- [discovery-server] [           main] c.n.eureka.DefaultEurekaServerContext    : Initializing ...
2026-09-23T09:44:23.345+07:00  WARN 18048 --- [discovery-server] [           main] c.n.eureka.cluster.PeerEurekaNodes       : The replica size seems to be empty. Check the route 53 DNS Registry
2026-09-23T09:44:23.363+07:00  INFO 18048 --- [discovery-server] [           main] c.n.e.registry.AbstractInstanceRegistry  : Finished initializing remote region registries. All known remote regions: []
2026-09-23T09:44:23.363+07:00  INFO 18048 --- [discovery-server] [           main] c.n.eureka.DefaultEurekaServerContext    : Initialized
2026-09-23T09:44:23.393+07:00  INFO 18048 --- [discovery-server] [           main] o.s.b.a.e.web.EndpointLinksResolver      : Exposing 1 endpoint beneath base path '/actuator'
2026-09-23T09:44:23.590+07:00  INFO 18048 --- [discovery-server] [           main] o.s.c.n.e.s.EurekaServiceRegistry        : Registering application DISCOVERY-SERVER with eureka with status UP
2026-09-23T09:44:23.711+07:00  INFO 18048 --- [discovery-server] [      Thread-10] o.s.c.n.e.server.EurekaServerBootstrap   : isAws returned false
2026-09-23T09:44:23.713+07:00  INFO 18048 --- [discovery-server] [      Thread-10] o.s.c.n.e.server.EurekaServerBootstrap   : Initialized server context
2026-09-23T09:44:23.713+07:00  INFO 18048 --- [discovery-server] [      Thread-10] c.n.e.r.PeerAwareInstanceRegistryImpl    : Got 1 instances from neighboring DS node
2026-09-23T09:44:23.713+07:00  INFO 18048 --- [discovery-server] [      Thread-10] c.n.e.r.PeerAwareInstanceRegistryImpl    : Renew threshold is: 1
2026-09-23T09:44:23.714+07:00  INFO 18048 --- [discovery-server] [      Thread-10] c.n.e.r.PeerAwareInstanceRegistryImpl    : Changing status to UP
2026-09-23T09:44:23.759+07:00  INFO 18048 --- [discovery-server] [      Thread-10] e.s.EurekaServerInitializerConfiguration : Started Eureka Server
2026-09-23T09:44:23.774+07:00  INFO 18048 --- [discovery-server] [           main] o.s.boot.tomcat.TomcatWebServer          : Tomcat started on port 8761 (http) with context path '/'
2026-09-23T09:44:23.777+07:00  INFO 18048 --- [discovery-server] [           main] .s.c.n.e.s.EurekaAutoServiceRegistration : Updating port to 8761
2026-09-23T09:44:25.171+07:00  INFO 18048 --- [discovery-server] [           main] o.s.cloud.commons.util.InetUtils         : Cannot determine local hostname
2026-09-23T09:44:25.239+07:00  INFO 18048 --- [discovery-server] [           main] c.s.d.DiscoveryServerApplication         : Started DiscoveryServerApplication in 22.314 seconds (process running for 22.959)
2026-09-23T09:45:23.722+07:00  INFO 18048 --- [discovery-server] [a-EvictionTimer] c.n.e.registry.AbstractInstanceRegistry  : Running the evict task with compensationTime 0ms
2026-09-23T09:46:07.975+07:00  INFO 18048 --- [discovery-server] [nio-8761-exec-1] o.a.c.c.C.[Tomcat].[localhost].[/]       : Initializing Spring DispatcherServlet 'dispatcherServlet'
2026-09-23T09:46:07.976+07:00  INFO 18048 --- [discovery-server] [nio-8761-exec-1] o.s.web.servlet.DispatcherServlet        : Initializing Servlet 'dispatcherServlet'
2026-09-23T09:46:07.977+07:00  INFO 18048 --- [discovery-server] [nio-8761-exec-1] o.s.web.servlet.DispatcherServlet        : Completed initialization in 1 ms
2026-09-23T09:46:08.280+07:00  INFO 18048 --- [discovery-server] [nio-8761-exec-2] c.n.e.registry.AbstractInstanceRegistry  : Registered instance ORDER-SERVICE/localhost:order-service:8082 with status UP (replication=false)
2026-09-23T09:46:16.471+07:00  INFO 18048 --- [discovery-server] [nio-8761-exec-4] c.n.e.registry.AbstractInstanceRegistry  : Registered instance PAYMENT-SERVICE/localhost:payment-service:8083 with status UP (replication=false)
2026-09-23T09:46:23.731+07:00  INFO 18048 --- [discovery-server] [a-EvictionTimer] c.n.e.registry.AbstractInstanceRegistry  : Running the evict task with compensationTime 9ms
2026-09-23T09:47:23.734+07:00  INFO 18048 --- [discovery-server] [a-EvictionTimer] c.n.e.registry.AbstractInstanceRegistry  : Running the evict task with compensationTime 3ms
2026-09-23T09:48:14.134+07:00  INFO 18048 --- [discovery-server] [io-8761-exec-10] c.n.e.registry.AbstractInstanceRegistry  : Registered instance INVENTORY-SERVICE/localhost:inventory-service:8084 with status UP (replication=false)
2026-09-23T09:48:23.748+07:00  INFO 18048 --- [discovery-server] [a-EvictionTimer] c.n.e.registry.AbstractInstanceRegistry  : Running the evict task with compensationTime 13ms
2026-09-23T09:49:23.748+07:00  INFO 18048 --- [discovery-server] [a-EvictionTimer] c.n.e.registry.AbstractInstanceRegistry  : Running the evict task with compensationTime 0ms
2026-09-23T09:50:23.763+07:00  INFO 18048 --- [discovery-server] [a-EvictionTimer] c.n.e.registry.AbstractInstanceRegistry  : Running the evict task with compensationTime 15ms
2026-09-23T09:51:23.768+07:00  INFO 18048 --- [discovery-server] [a-EvictionTimer] c.n.e.registry.AbstractInstanceRegistry  : Running the evict task with compensationTime 4ms
2026-09-23T09:51:26.261+07:00  INFO 18048 --- [discovery-server] [nio-8761-exec-3] c.n.e.registry.AbstractInstanceRegistry  : Registered instance PAYMENT-SERVICE/localhost:payment-service:8083 with status UP (replication=false)
2026-09-23T09:52:23.774+07:00  INFO 18048 --- [discovery-server] [a-EvictionTimer] c.n.e.registry.AbstractInstanceRegistry  : Running the evict task with compensationTime 6ms
