
  .   ____          _            __ _ _
 /\\ / ___'_ __ _ _(_)_ __  __ _ \ \ \ \
( ( )\___ | '_ | '_| | '_ \/ _` | \ \ \ \
 \\/  ___)| |_)| | | | | || (_| |  ) ) ) )
  '  |____| .__|_| |_|_| |_\__, | / / / /
 =========|_|==============|___/=/_/_/_/

 :: Spring Boot ::                (v4.1.1)

2026-09-23T09:45:34.233+07:00  INFO 32964 --- [order-service] [           main] com.session14.saga.SagaDemoApplication   : Starting SagaDemoApplication v0.0.1-SNAPSHOT using Java 17.0.18 with PID 32964 (D:\Work\Rikkei\Microservice\Demo\project\order-service\build\libs\order-service-0.0.1-SNAPSHOT.jar started by lephu in D:\Work\Rikkei\Microservice\Demo\project\order-service)
2026-09-23T09:45:34.236+07:00 DEBUG 32964 --- [order-service] [           main] com.session14.saga.SagaDemoApplication   : Running with Spring Boot v4.1.1, Spring v7.0.9
2026-09-23T09:45:34.237+07:00  INFO 32964 --- [order-service] [           main] com.session14.saga.SagaDemoApplication   : No active profile set, falling back to 1 default profile: "default"
2026-09-23T09:45:34.285+07:00  INFO 32964 --- [order-service] [           main] o.s.c.c.c.ConfigServerConfigDataLoader   : Fetching config from server at : http://localhost:8888
2026-09-23T09:45:34.285+07:00  INFO 32964 --- [order-service] [           main] o.s.c.c.c.ConfigServerConfigDataLoader   : Located environment: name=order-service, profiles=[default], label=null, version=null, state=null
2026-09-23T09:45:36.551+07:00  INFO 32964 --- [order-service] [           main] .s.d.r.c.RepositoryConfigurationDelegate : Bootstrapping Spring Data JPA repositories in DEFAULT mode.
2026-09-23T09:45:36.902+07:00  INFO 32964 --- [order-service] [           main] .s.d.r.c.RepositoryConfigurationDelegate : Finished Spring Data repository scanning in 325 ms. Found 1 JPA repository interface.
2026-09-23T09:45:39.720+07:00  INFO 32964 --- [order-service] [           main] o.s.cloud.context.scope.GenericScope     : BeanFactory id=06f0bf65-9376-3dc2-a547-ccc8813490d2
2026-09-23T09:45:42.230+07:00  INFO 32964 --- [order-service] [           main] o.s.boot.tomcat.TomcatWebServer          : Tomcat initialized with port 8082 (http)
2026-09-23T09:45:42.266+07:00  INFO 32964 --- [order-service] [           main] o.apache.catalina.core.StandardService   : Starting service [Tomcat]
2026-09-23T09:45:42.267+07:00  INFO 32964 --- [order-service] [           main] o.apache.catalina.core.StandardEngine    : Starting Servlet engine: [Apache Tomcat/11.0.24]
2026-09-23T09:45:42.373+07:00  INFO 32964 --- [order-service] [           main] b.w.c.s.WebApplicationContextInitializer : Root WebApplicationContext: initialization completed in 8083 ms
2026-09-23T09:45:44.005+07:00  INFO 32964 --- [order-service] [           main] org.hibernate.orm.jpa                    : HHH008540: Processing PersistenceUnitInfo [name: default]
2026-09-23T09:45:44.188+07:00  INFO 32964 --- [order-service] [           main] org.hibernate.orm.core                   : HHH000001: Hibernate ORM core version 7.4.5.Final
2026-09-23T09:45:46.600+07:00  INFO 32964 --- [order-service] [           main] o.s.o.j.p.SpringPersistenceUnitInfo      : No LoadTimeWeaver setup: ignoring JPA class transformer
2026-09-23T09:45:46.813+07:00  INFO 32964 --- [order-service] [           main] com.zaxxer.hikari.HikariDataSource       : HikariPool-1 - Starting...
2026-09-23T09:46:00.270+07:00  INFO 32964 --- [order-service] [           main] com.zaxxer.hikari.pool.HikariPool        : HikariPool-1 - Added connection conn1: url=jdbc:h2:file:./data/order-db user=SA
2026-09-23T09:46:00.274+07:00  INFO 32964 --- [order-service] [           main] com.zaxxer.hikari.HikariDataSource       : HikariPool-1 - Start completed.
2026-09-23T09:46:00.397+07:00  INFO 32964 --- [order-service] [           main] org.hibernate.orm.connections.pooling    : HHH10001005: Database info:
	Database JDBC URL [jdbc:h2:file:./data/order-db]
	Database driver: H2 JDBC Driver
	Database dialect: H2Dialect
	Database version: 2.4.240
	Default catalog/schema: ORDER-DB/PUBLIC
	Autocommit mode: undefined/unknown
	Isolation level: READ_COMMITTED [default READ_COMMITTED]
	JDBC fetch size: 100
	Pool: DataSourceConnectionProvider
	Minimum pool size: undefined/unknown
	Maximum pool size: undefined/unknown
2026-09-23T09:46:02.689+07:00  INFO 32964 --- [order-service] [           main] org.hibernate.orm.core                   : HHH000489: No JTA platform available (set 'hibernate.transaction.jta.platform' to enable JTA platform integration)
2026-09-23T09:46:02.793+07:00  INFO 32964 --- [order-service] [           main] j.LocalContainerEntityManagerFactoryBean : Initialized JPA EntityManagerFactory for persistence unit 'default'
2026-09-23T09:46:03.522+07:00  INFO 32964 --- [order-service] [           main] o.s.d.j.r.query.QueryEnhancerFactories   : Hibernate is in classpath; If applicable, HQL parser will be used.
2026-09-23T09:46:05.953+07:00  INFO 32964 --- [order-service] [           main] o.s.cloud.commons.util.InetUtils         : Cannot determine local hostname
2026-09-23T09:46:07.373+07:00  INFO 32964 --- [order-service] [           main] o.s.cloud.commons.util.InetUtils         : Cannot determine local hostname
2026-09-23T09:46:07.398+07:00  INFO 32964 --- [order-service] [           main] DiscoveryClientOptionalArgsConfiguration : Eureka HTTP Client uses RestClient.
2026-09-23T09:46:07.451+07:00  WARN 32964 --- [order-service] [           main] iguration$LoadBalancerCaffeineWarnLogger : Spring Cloud LoadBalancer is currently working with the default cache. While this cache implementation is useful for development and tests, it's recommended to use Caffeine cache in production.You can switch to using Caffeine cache, by adding it and org.springframework.cache.caffeine.CaffeineCacheManager to the classpath.
2026-09-23T09:46:07.459+07:00  INFO 32964 --- [order-service] [           main] o.s.b.a.e.web.EndpointLinksResolver      : Exposing 3 endpoints beneath base path '/actuator'
2026-09-23T09:46:07.586+07:00  INFO 32964 --- [order-service] [           main] o.s.c.n.eureka.InstanceInfoFactory       : Setting initial instance status as: STARTING
2026-09-23T09:46:07.624+07:00  INFO 32964 --- [order-service] [           main] com.netflix.discovery.DiscoveryClient    : Initializing Eureka in region us-east-1
2026-09-23T09:46:07.633+07:00  INFO 32964 --- [order-service] [           main] c.n.d.s.r.aws.ConfigClusterResolver      : Resolving eureka endpoints via configuration
2026-09-23T09:46:07.647+07:00  INFO 32964 --- [order-service] [           main] com.netflix.discovery.DiscoveryClient    : Disable delta property : false
2026-09-23T09:46:07.647+07:00  INFO 32964 --- [order-service] [           main] com.netflix.discovery.DiscoveryClient    : Single vip registry refresh property : null
2026-09-23T09:46:07.647+07:00  INFO 32964 --- [order-service] [           main] com.netflix.discovery.DiscoveryClient    : Force full registry fetch : false
2026-09-23T09:46:07.647+07:00  INFO 32964 --- [order-service] [           main] com.netflix.discovery.DiscoveryClient    : Application is null : false
2026-09-23T09:46:07.647+07:00  INFO 32964 --- [order-service] [           main] com.netflix.discovery.DiscoveryClient    : Registered Applications size is zero : true
2026-09-23T09:46:07.647+07:00  INFO 32964 --- [order-service] [           main] com.netflix.discovery.DiscoveryClient    : Application version is -1: true
2026-09-23T09:46:07.647+07:00  INFO 32964 --- [order-service] [           main] com.netflix.discovery.DiscoveryClient    : Getting all instance registry info from the eureka server
2026-09-23T09:46:08.178+07:00  INFO 32964 --- [order-service] [           main] com.netflix.discovery.DiscoveryClient    : The response status is 200
2026-09-23T09:46:08.186+07:00  INFO 32964 --- [order-service] [           main] com.netflix.discovery.DiscoveryClient    : Starting heartbeat executor: renew interval is: 30
2026-09-23T09:46:08.188+07:00  INFO 32964 --- [order-service] [           main] c.n.discovery.InstanceInfoReplicator     : InstanceInfoReplicator onDemand update allowed rate per min is 4
2026-09-23T09:46:08.189+07:00  INFO 32964 --- [order-service] [           main] com.netflix.discovery.DiscoveryClient    : Discovery Client initialized at timestamp 1790131568188 with initial instances count: 0
2026-09-23T09:46:08.193+07:00  INFO 32964 --- [order-service] [           main] o.s.c.n.e.s.EurekaServiceRegistry        : Registering application ORDER-SERVICE with eureka with status UP
2026-09-23T09:46:08.194+07:00  INFO 32964 --- [order-service] [           main] com.netflix.discovery.DiscoveryClient    : Saw local status change event StatusChangeEvent [timestamp=1790131568194, current=UP, previous=STARTING]
2026-09-23T09:46:08.196+07:00  INFO 32964 --- [order-service] [foReplicator-%d] com.netflix.discovery.DiscoveryClient    : DiscoveryClient_ORDER-SERVICE/localhost:order-service:8082: registering service...
2026-09-23T09:46:08.217+07:00  INFO 32964 --- [order-service] [           main] o.s.boot.tomcat.TomcatWebServer          : Tomcat started on port 8082 (http) with context path '/'
2026-09-23T09:46:08.217+07:00  INFO 32964 --- [order-service] [           main] .s.c.n.e.s.EurekaAutoServiceRegistration : Updating port to 8082
2026-09-23T09:46:08.285+07:00  INFO 32964 --- [order-service] [foReplicator-%d] com.netflix.discovery.DiscoveryClient    : DiscoveryClient_ORDER-SERVICE/localhost:order-service:8082 - registration status: 204
2026-09-23T09:46:09.328+07:00  INFO 32964 --- [order-service] [           main] o.s.cloud.commons.util.InetUtils         : Cannot determine local hostname
2026-09-23T09:46:09.369+07:00  INFO 32964 --- [order-service] [           main] o.a.kafka.common.config.AbstractConfig   : ConsumerConfig values: 
	allow.auto.create.topics = true
	auto.commit.interval.ms = 5000
	auto.offset.reset = earliest
	bootstrap.servers = [localhost:9092]
	check.crcs = true
	client.dns.lookup = use_all_dns_ips
	client.id = consumer-order-service-group-1
	client.rack = 
	config.providers = []
	connections.max.idle.ms = 540000
	default.api.timeout.ms = 60000
	enable.auto.commit = false
	enable.metrics.push = true
	exclude.internal.topics = true
	fetch.max.bytes = 52428800
	fetch.max.wait.ms = 500
	fetch.min.bytes = 1
	group.id = order-service-group
	group.instance.id = null
	group.protocol = classic
	group.remote.assignor = null
	heartbeat.interval.ms = 3000
	interceptor.classes = []
	internal.throw.on.fetch.stable.offset.unsupported = false
	isolation.level = read_uncommitted
	key.deserializer = class org.apache.kafka.common.serialization.StringDeserializer
	max.partition.fetch.bytes = 1048576
	max.poll.interval.ms = 300000
	max.poll.records = 500
	metadata.max.age.ms = 300000
	metadata.recovery.rebootstrap.trigger.ms = 300000
	metadata.recovery.strategy = rebootstrap
	metric.reporters = [org.apache.kafka.common.metrics.JmxReporter]
	metrics.num.samples = 2
	metrics.recording.level = INFO
	metrics.sample.window.ms = 30000
	partition.assignment.strategy = [class org.apache.kafka.clients.consumer.RangeAssignor, class org.apache.kafka.clients.consumer.CooperativeStickyAssignor]
	receive.buffer.bytes = 65536
	reconnect.backoff.max.ms = 1000
	reconnect.backoff.ms = 50
	request.timeout.ms = 30000
	retry.backoff.max.ms = 1000
	retry.backoff.ms = 100
	sasl.client.callback.handler.class = null
	sasl.jaas.config = null
	sasl.kerberos.kinit.cmd = /usr/bin/kinit
	sasl.kerberos.min.time.before.relogin = 60000
	sasl.kerberos.service.name = null
	sasl.kerberos.ticket.renew.jitter = 0.05
	sasl.kerberos.ticket.renew.window.factor = 0.8
	sasl.login.callback.handler.class = null
	sasl.login.class = null
	sasl.login.connect.timeout.ms = null
	sasl.login.read.timeout.ms = null
	sasl.login.refresh.buffer.seconds = 300
	sasl.login.refresh.min.period.seconds = 60
	sasl.login.refresh.window.factor = 0.8
	sasl.login.refresh.window.jitter = 0.05
	sasl.login.retry.backoff.max.ms = 10000
	sasl.login.retry.backoff.ms = 100
	sasl.mechanism = GSSAPI
	sasl.oauthbearer.assertion.algorithm = RS256
	sasl.oauthbearer.assertion.claim.aud = null
	sasl.oauthbearer.assertion.claim.exp.seconds = 300
	sasl.oauthbearer.assertion.claim.iss = null
	sasl.oauthbearer.assertion.claim.jti.include = false
	sasl.oauthbearer.assertion.claim.nbf.seconds = 60
	sasl.oauthbearer.assertion.claim.sub = null
	sasl.oauthbearer.assertion.file = null
	sasl.oauthbearer.assertion.private.key.file = null
	sasl.oauthbearer.assertion.private.key.passphrase = null
	sasl.oauthbearer.assertion.template.file = null
	sasl.oauthbearer.client.credentials.client.id = null
	sasl.oauthbearer.client.credentials.client.secret = null
	sasl.oauthbearer.clock.skew.seconds = 30
	sasl.oauthbearer.expected.audience = []
	sasl.oauthbearer.expected.issuer = null
	sasl.oauthbearer.header.urlencode = false
	sasl.oauthbearer.jwks.endpoint.refresh.ms = 3600000
	sasl.oauthbearer.jwks.endpoint.retry.backoff.max.ms = 10000
	sasl.oauthbearer.jwks.endpoint.retry.backoff.ms = 100
	sasl.oauthbearer.jwks.endpoint.url = null
	sasl.oauthbearer.jwt.retriever.class = class org.apache.kafka.common.security.oauthbearer.DefaultJwtRetriever
	sasl.oauthbearer.jwt.validator.class = class org.apache.kafka.common.security.oauthbearer.DefaultJwtValidator
	sasl.oauthbearer.scope = null
	sasl.oauthbearer.scope.claim.name = scope
	sasl.oauthbearer.sub.claim.name = sub
	sasl.oauthbearer.token.endpoint.url = null
	security.protocol = PLAINTEXT
	security.providers = null
	send.buffer.bytes = 131072
	session.timeout.ms = 45000
	share.acknowledgement.mode = implicit
	share.acquire.mode = BATCH_OPTIMIZED
	socket.connection.setup.timeout.max.ms = 30000
	socket.connection.setup.timeout.ms = 10000
	ssl.cipher.suites = []
	ssl.enabled.protocols = [TLSv1.2, TLSv1.3]
	ssl.endpoint.identification.algorithm = https
	ssl.engine.factory.class = null
	ssl.key.password = null
	ssl.keymanager.algorithm = SunX509
	ssl.keystore.certificate.chain = null
	ssl.keystore.key = null
	ssl.keystore.location = null
	ssl.keystore.password = null
	ssl.keystore.type = JKS
	ssl.protocol = TLSv1.3
	ssl.provider = null
	ssl.secure.random.implementation = null
	ssl.trustmanager.algorithm = PKIX
	ssl.truststore.certificates = null
	ssl.truststore.location = null
	ssl.truststore.password = null
	ssl.truststore.type = JKS
	value.deserializer = class org.springframework.kafka.support.serializer.JacksonJsonDeserializer

2026-09-23T09:46:09.403+07:00  INFO 32964 --- [order-service] [           main] o.a.k.c.t.i.KafkaMetricsCollector        : initializing Kafka metrics collector
2026-09-23T09:46:09.509+07:00  INFO 32964 --- [order-service] [           main] o.a.kafka.common.utils.AppInfoParser     : Kafka version: 4.2.1
2026-09-23T09:46:09.509+07:00  INFO 32964 --- [order-service] [           main] o.a.kafka.common.utils.AppInfoParser     : Kafka commitId: 92f61c44867f39dc
2026-09-23T09:46:09.509+07:00  INFO 32964 --- [order-service] [           main] o.a.kafka.common.utils.AppInfoParser     : Kafka startTimeMs: 1790131569508
2026-09-23T09:46:09.513+07:00  INFO 32964 --- [order-service] [           main] o.a.k.c.c.i.ClassicKafkaConsumer         : [Consumer clientId=consumer-order-service-group-1, groupId=order-service-group] Subscribed to topic(s): inventory-events
2026-09-23T09:46:09.520+07:00  INFO 32964 --- [order-service] [           main] o.a.kafka.common.config.AbstractConfig   : ConsumerConfig values: 
	allow.auto.create.topics = true
	auto.commit.interval.ms = 5000
	auto.offset.reset = earliest
	bootstrap.servers = [localhost:9092]
	check.crcs = true
	client.dns.lookup = use_all_dns_ips
	client.id = consumer-saga-audit-group-2
	client.rack = 
	config.providers = []
	connections.max.idle.ms = 540000
	default.api.timeout.ms = 60000
	enable.auto.commit = false
	enable.metrics.push = true
	exclude.internal.topics = true
	fetch.max.bytes = 52428800
	fetch.max.wait.ms = 500
	fetch.min.bytes = 1
	group.id = saga-audit-group
	group.instance.id = null
	group.protocol = classic
	group.remote.assignor = null
	heartbeat.interval.ms = 3000
	interceptor.classes = []
	internal.throw.on.fetch.stable.offset.unsupported = false
	isolation.level = read_uncommitted
	key.deserializer = class org.apache.kafka.common.serialization.StringDeserializer
	max.partition.fetch.bytes = 1048576
	max.poll.interval.ms = 300000
	max.poll.records = 500
	metadata.max.age.ms = 300000
	metadata.recovery.rebootstrap.trigger.ms = 300000
	metadata.recovery.strategy = rebootstrap
	metric.reporters = [org.apache.kafka.common.metrics.JmxReporter]
	metrics.num.samples = 2
	metrics.recording.level = INFO
	metrics.sample.window.ms = 30000
	partition.assignment.strategy = [class org.apache.kafka.clients.consumer.RangeAssignor, class org.apache.kafka.clients.consumer.CooperativeStickyAssignor]
	receive.buffer.bytes = 65536
	reconnect.backoff.max.ms = 1000
	reconnect.backoff.ms = 50
	request.timeout.ms = 30000
	retry.backoff.max.ms = 1000
	retry.backoff.ms = 100
	sasl.client.callback.handler.class = null
	sasl.jaas.config = null
	sasl.kerberos.kinit.cmd = /usr/bin/kinit
	sasl.kerberos.min.time.before.relogin = 60000
	sasl.kerberos.service.name = null
	sasl.kerberos.ticket.renew.jitter = 0.05
	sasl.kerberos.ticket.renew.window.factor = 0.8
	sasl.login.callback.handler.class = null
	sasl.login.class = null
	sasl.login.connect.timeout.ms = null
	sasl.login.read.timeout.ms = null
	sasl.login.refresh.buffer.seconds = 300
	sasl.login.refresh.min.period.seconds = 60
	sasl.login.refresh.window.factor = 0.8
	sasl.login.refresh.window.jitter = 0.05
	sasl.login.retry.backoff.max.ms = 10000
	sasl.login.retry.backoff.ms = 100
	sasl.mechanism = GSSAPI
	sasl.oauthbearer.assertion.algorithm = RS256
	sasl.oauthbearer.assertion.claim.aud = null
	sasl.oauthbearer.assertion.claim.exp.seconds = 300
	sasl.oauthbearer.assertion.claim.iss = null
	sasl.oauthbearer.assertion.claim.jti.include = false
	sasl.oauthbearer.assertion.claim.nbf.seconds = 60
	sasl.oauthbearer.assertion.claim.sub = null
	sasl.oauthbearer.assertion.file = null
	sasl.oauthbearer.assertion.private.key.file = null
	sasl.oauthbearer.assertion.private.key.passphrase = null
	sasl.oauthbearer.assertion.template.file = null
	sasl.oauthbearer.client.credentials.client.id = null
	sasl.oauthbearer.client.credentials.client.secret = null
	sasl.oauthbearer.clock.skew.seconds = 30
	sasl.oauthbearer.expected.audience = []
	sasl.oauthbearer.expected.issuer = null
	sasl.oauthbearer.header.urlencode = false
	sasl.oauthbearer.jwks.endpoint.refresh.ms = 3600000
	sasl.oauthbearer.jwks.endpoint.retry.backoff.max.ms = 10000
	sasl.oauthbearer.jwks.endpoint.retry.backoff.ms = 100
	sasl.oauthbearer.jwks.endpoint.url = null
	sasl.oauthbearer.jwt.retriever.class = class org.apache.kafka.common.security.oauthbearer.DefaultJwtRetriever
	sasl.oauthbearer.jwt.validator.class = class org.apache.kafka.common.security.oauthbearer.DefaultJwtValidator
	sasl.oauthbearer.scope = null
	sasl.oauthbearer.scope.claim.name = scope
	sasl.oauthbearer.sub.claim.name = sub
	sasl.oauthbearer.token.endpoint.url = null
	security.protocol = PLAINTEXT
	security.providers = null
	send.buffer.bytes = 131072
	session.timeout.ms = 45000
	share.acknowledgement.mode = implicit
	share.acquire.mode = BATCH_OPTIMIZED
	socket.connection.setup.timeout.max.ms = 30000
	socket.connection.setup.timeout.ms = 10000
	ssl.cipher.suites = []
	ssl.enabled.protocols = [TLSv1.2, TLSv1.3]
	ssl.endpoint.identification.algorithm = https
	ssl.engine.factory.class = null
	ssl.key.password = null
	ssl.keymanager.algorithm = SunX509
	ssl.keystore.certificate.chain = null
	ssl.keystore.key = null
	ssl.keystore.location = null
	ssl.keystore.password = null
	ssl.keystore.type = JKS
	ssl.protocol = TLSv1.3
	ssl.provider = null
	ssl.secure.random.implementation = null
	ssl.trustmanager.algorithm = PKIX
	ssl.truststore.certificates = null
	ssl.truststore.location = null
	ssl.truststore.password = null
	ssl.truststore.type = JKS
	value.deserializer = class org.springframework.kafka.support.serializer.JacksonJsonDeserializer

2026-09-23T09:46:09.521+07:00  INFO 32964 --- [order-service] [           main] o.a.k.c.t.i.KafkaMetricsCollector        : initializing Kafka metrics collector
2026-09-23T09:46:09.531+07:00  INFO 32964 --- [order-service] [           main] o.a.kafka.common.utils.AppInfoParser     : Kafka version: 4.2.1
2026-09-23T09:46:09.531+07:00  INFO 32964 --- [order-service] [           main] o.a.kafka.common.utils.AppInfoParser     : Kafka commitId: 92f61c44867f39dc
2026-09-23T09:46:09.531+07:00  INFO 32964 --- [order-service] [           main] o.a.kafka.common.utils.AppInfoParser     : Kafka startTimeMs: 1790131569531
2026-09-23T09:46:09.532+07:00  INFO 32964 --- [order-service] [           main] o.a.k.c.c.i.ClassicKafkaConsumer         : [Consumer clientId=consumer-saga-audit-group-2, groupId=saga-audit-group] Subscribed to topic(s): order-events, payment-events, inventory-events
2026-09-23T09:46:09.533+07:00  INFO 32964 --- [order-service] [           main] o.a.kafka.common.config.AbstractConfig   : ConsumerConfig values: 
	allow.auto.create.topics = true
	auto.commit.interval.ms = 5000
	auto.offset.reset = earliest
	bootstrap.servers = [localhost:9092]
	check.crcs = true
	client.dns.lookup = use_all_dns_ips
	client.id = consumer-order-service-group-3
	client.rack = 
	config.providers = []
	connections.max.idle.ms = 540000
	default.api.timeout.ms = 60000
	enable.auto.commit = false
	enable.metrics.push = true
	exclude.internal.topics = true
	fetch.max.bytes = 52428800
	fetch.max.wait.ms = 500
	fetch.min.bytes = 1
	group.id = order-service-group
	group.instance.id = null
	group.protocol = classic
	group.remote.assignor = null
	heartbeat.interval.ms = 3000
	interceptor.classes = []
	internal.throw.on.fetch.stable.offset.unsupported = false
	isolation.level = read_uncommitted
	key.deserializer = class org.apache.kafka.common.serialization.StringDeserializer
	max.partition.fetch.bytes = 1048576
	max.poll.interval.ms = 300000
	max.poll.records = 500
	metadata.max.age.ms = 300000
	metadata.recovery.rebootstrap.trigger.ms = 300000
	metadata.recovery.strategy = rebootstrap
	metric.reporters = [org.apache.kafka.common.metrics.JmxReporter]
	metrics.num.samples = 2
	metrics.recording.level = INFO
	metrics.sample.window.ms = 30000
	partition.assignment.strategy = [class org.apache.kafka.clients.consumer.RangeAssignor, class org.apache.kafka.clients.consumer.CooperativeStickyAssignor]
	receive.buffer.bytes = 65536
	reconnect.backoff.max.ms = 1000
	reconnect.backoff.ms = 50
	request.timeout.ms = 30000
	retry.backoff.max.ms = 1000
	retry.backoff.ms = 100
	sasl.client.callback.handler.class = null
	sasl.jaas.config = null
	sasl.kerberos.kinit.cmd = /usr/bin/kinit
	sasl.kerberos.min.time.before.relogin = 60000
	sasl.kerberos.service.name = null
	sasl.kerberos.ticket.renew.jitter = 0.05
	sasl.kerberos.ticket.renew.window.factor = 0.8
	sasl.login.callback.handler.class = null
	sasl.login.class = null
	sasl.login.connect.timeout.ms = null
	sasl.login.read.timeout.ms = null
	sasl.login.refresh.buffer.seconds = 300
	sasl.login.refresh.min.period.seconds = 60
	sasl.login.refresh.window.factor = 0.8
	sasl.login.refresh.window.jitter = 0.05
	sasl.login.retry.backoff.max.ms = 10000
	sasl.login.retry.backoff.ms = 100
	sasl.mechanism = GSSAPI
	sasl.oauthbearer.assertion.algorithm = RS256
	sasl.oauthbearer.assertion.claim.aud = null
	sasl.oauthbearer.assertion.claim.exp.seconds = 300
	sasl.oauthbearer.assertion.claim.iss = null
	sasl.oauthbearer.assertion.claim.jti.include = false
	sasl.oauthbearer.assertion.claim.nbf.seconds = 60
	sasl.oauthbearer.assertion.claim.sub = null
	sasl.oauthbearer.assertion.file = null
	sasl.oauthbearer.assertion.private.key.file = null
	sasl.oauthbearer.assertion.private.key.passphrase = null
	sasl.oauthbearer.assertion.template.file = null
	sasl.oauthbearer.client.credentials.client.id = null
	sasl.oauthbearer.client.credentials.client.secret = null
	sasl.oauthbearer.clock.skew.seconds = 30
	sasl.oauthbearer.expected.audience = []
	sasl.oauthbearer.expected.issuer = null
	sasl.oauthbearer.header.urlencode = false
	sasl.oauthbearer.jwks.endpoint.refresh.ms = 3600000
	sasl.oauthbearer.jwks.endpoint.retry.backoff.max.ms = 10000
	sasl.oauthbearer.jwks.endpoint.retry.backoff.ms = 100
	sasl.oauthbearer.jwks.endpoint.url = null
	sasl.oauthbearer.jwt.retriever.class = class org.apache.kafka.common.security.oauthbearer.DefaultJwtRetriever
	sasl.oauthbearer.jwt.validator.class = class org.apache.kafka.common.security.oauthbearer.DefaultJwtValidator
	sasl.oauthbearer.scope = null
	sasl.oauthbearer.scope.claim.name = scope
	sasl.oauthbearer.sub.claim.name = sub
	sasl.oauthbearer.token.endpoint.url = null
	security.protocol = PLAINTEXT
	security.providers = null
	send.buffer.bytes = 131072
	session.timeout.ms = 45000
	share.acknowledgement.mode = implicit
	share.acquire.mode = BATCH_OPTIMIZED
	socket.connection.setup.timeout.max.ms = 30000
	socket.connection.setup.timeout.ms = 10000
	ssl.cipher.suites = []
	ssl.enabled.protocols = [TLSv1.2, TLSv1.3]
	ssl.endpoint.identification.algorithm = https
	ssl.engine.factory.class = null
	ssl.key.password = null
	ssl.keymanager.algorithm = SunX509
	ssl.keystore.certificate.chain = null
	ssl.keystore.key = null
	ssl.keystore.location = null
	ssl.keystore.password = null
	ssl.keystore.type = JKS
	ssl.protocol = TLSv1.3
	ssl.provider = null
	ssl.secure.random.implementation = null
	ssl.trustmanager.algorithm = PKIX
	ssl.truststore.certificates = null
	ssl.truststore.location = null
	ssl.truststore.password = null
	ssl.truststore.type = JKS
	value.deserializer = class org.springframework.kafka.support.serializer.JacksonJsonDeserializer

2026-09-23T09:46:09.533+07:00  INFO 32964 --- [order-service] [           main] o.a.k.c.t.i.KafkaMetricsCollector        : initializing Kafka metrics collector
2026-09-23T09:46:09.543+07:00  INFO 32964 --- [order-service] [           main] o.a.kafka.common.utils.AppInfoParser     : Kafka version: 4.2.1
2026-09-23T09:46:09.543+07:00  INFO 32964 --- [order-service] [           main] o.a.kafka.common.utils.AppInfoParser     : Kafka commitId: 92f61c44867f39dc
2026-09-23T09:46:09.543+07:00  INFO 32964 --- [order-service] [           main] o.a.kafka.common.utils.AppInfoParser     : Kafka startTimeMs: 1790131569543
2026-09-23T09:46:09.543+07:00  INFO 32964 --- [order-service] [           main] o.a.k.c.c.i.ClassicKafkaConsumer         : [Consumer clientId=consumer-order-service-group-3, groupId=order-service-group] Subscribed to topic(s): payment-events
2026-09-23T09:46:09.554+07:00  INFO 32964 --- [order-service] [           main] com.session14.saga.SagaDemoApplication   : Started SagaDemoApplication in 37.563 seconds (process running for 38.219)
2026-09-23T09:46:09.932+07:00  INFO 32964 --- [order-service] [ntainer#1-0-C-1] org.apache.kafka.clients.Metadata        : [Consumer clientId=consumer-order-service-group-3, groupId=order-service-group] Cluster ID: Mk3OEYBSD3Tsfw5LILxXkg
2026-09-23T09:46:09.932+07:00  INFO 32964 --- [order-service] [ntainer#2-0-C-1] org.apache.kafka.clients.Metadata        : [Consumer clientId=consumer-order-service-group-1, groupId=order-service-group] Cluster ID: Mk3OEYBSD3Tsfw5LILxXkg
2026-09-23T09:46:09.932+07:00  INFO 32964 --- [order-service] [ntainer#0-0-C-1] org.apache.kafka.clients.Metadata        : [Consumer clientId=consumer-saga-audit-group-2, groupId=saga-audit-group] Cluster ID: Mk3OEYBSD3Tsfw5LILxXkg
2026-09-23T09:46:09.937+07:00  INFO 32964 --- [order-service] [ntainer#0-0-C-1] o.a.k.c.c.internals.ConsumerCoordinator  : [Consumer clientId=consumer-saga-audit-group-2, groupId=saga-audit-group] Discovered group coordinator localhost:9092 (id: 2147483646 rack: null isFenced: false)
2026-09-23T09:46:09.937+07:00  INFO 32964 --- [order-service] [ntainer#1-0-C-1] o.a.k.c.c.internals.ConsumerCoordinator  : [Consumer clientId=consumer-order-service-group-3, groupId=order-service-group] Discovered group coordinator localhost:9092 (id: 2147483646 rack: null isFenced: false)
2026-09-23T09:46:09.937+07:00  INFO 32964 --- [order-service] [ntainer#2-0-C-1] o.a.k.c.c.internals.ConsumerCoordinator  : [Consumer clientId=consumer-order-service-group-1, groupId=order-service-group] Discovered group coordinator localhost:9092 (id: 2147483646 rack: null isFenced: false)
2026-09-23T09:46:09.941+07:00  INFO 32964 --- [order-service] [ntainer#1-0-C-1] o.a.k.c.c.internals.ConsumerCoordinator  : [Consumer clientId=consumer-order-service-group-3, groupId=order-service-group] (Re-)joining group
2026-09-23T09:46:09.941+07:00  INFO 32964 --- [order-service] [ntainer#0-0-C-1] o.a.k.c.c.internals.ConsumerCoordinator  : [Consumer clientId=consumer-saga-audit-group-2, groupId=saga-audit-group] (Re-)joining group
2026-09-23T09:46:09.941+07:00  INFO 32964 --- [order-service] [ntainer#2-0-C-1] o.a.k.c.c.internals.ConsumerCoordinator  : [Consumer clientId=consumer-order-service-group-1, groupId=order-service-group] (Re-)joining group
2026-09-23T09:46:09.970+07:00  INFO 32964 --- [order-service] [ntainer#0-0-C-1] o.a.k.c.c.internals.ConsumerCoordinator  : [Consumer clientId=consumer-saga-audit-group-2, groupId=saga-audit-group] Request joining group due to: need to re-join with the given member-id: consumer-saga-audit-group-2-7d167757-760b-41d0-8669-6955a4991ad3
2026-09-23T09:46:09.970+07:00  INFO 32964 --- [order-service] [ntainer#2-0-C-1] o.a.k.c.c.internals.ConsumerCoordinator  : [Consumer clientId=consumer-order-service-group-1, groupId=order-service-group] Request joining group due to: need to re-join with the given member-id: consumer-order-service-group-1-920e63cf-c5d7-4a65-ace2-53184997b13a
2026-09-23T09:46:09.970+07:00  INFO 32964 --- [order-service] [ntainer#1-0-C-1] o.a.k.c.c.internals.ConsumerCoordinator  : [Consumer clientId=consumer-order-service-group-3, groupId=order-service-group] Request joining group due to: need to re-join with the given member-id: consumer-order-service-group-3-a45e8865-4596-45a4-87d6-30d5c9c22df2
2026-09-23T09:46:09.971+07:00  INFO 32964 --- [order-service] [ntainer#2-0-C-1] o.a.k.c.c.internals.ConsumerCoordinator  : [Consumer clientId=consumer-order-service-group-1, groupId=order-service-group] (Re-)joining group
2026-09-23T09:46:09.971+07:00  INFO 32964 --- [order-service] [ntainer#1-0-C-1] o.a.k.c.c.internals.ConsumerCoordinator  : [Consumer clientId=consumer-order-service-group-3, groupId=order-service-group] (Re-)joining group
2026-09-23T09:46:09.971+07:00  INFO 32964 --- [order-service] [ntainer#0-0-C-1] o.a.k.c.c.internals.ConsumerCoordinator  : [Consumer clientId=consumer-saga-audit-group-2, groupId=saga-audit-group] (Re-)joining group
2026-09-23T09:46:09.983+07:00  INFO 32964 --- [order-service] [ntainer#2-0-C-1] o.a.k.c.c.internals.ConsumerCoordinator  : [Consumer clientId=consumer-order-service-group-1, groupId=order-service-group] Successfully joined group with generation Generation{generationId=16, memberId='consumer-order-service-group-1-920e63cf-c5d7-4a65-ace2-53184997b13a', protocol='range'}
2026-09-23T09:46:09.983+07:00  INFO 32964 --- [order-service] [ntainer#1-0-C-1] o.a.k.c.c.internals.ConsumerCoordinator  : [Consumer clientId=consumer-order-service-group-3, groupId=order-service-group] Successfully joined group with generation Generation{generationId=16, memberId='consumer-order-service-group-3-a45e8865-4596-45a4-87d6-30d5c9c22df2', protocol='range'}
2026-09-23T09:46:09.985+07:00  INFO 32964 --- [order-service] [ntainer#0-0-C-1] o.a.k.c.c.internals.ConsumerCoordinator  : [Consumer clientId=consumer-saga-audit-group-2, groupId=saga-audit-group] Successfully joined group with generation Generation{generationId=23, memberId='consumer-saga-audit-group-2-7d167757-760b-41d0-8669-6955a4991ad3', protocol='range'}
2026-09-23T09:46:09.996+07:00  INFO 32964 --- [order-service] [ntainer#0-0-C-1] o.a.k.c.c.internals.ConsumerCoordinator  : [Consumer clientId=consumer-saga-audit-group-2, groupId=saga-audit-group] Finished assignment for group at generation 23: {consumer-saga-audit-group-2-7d167757-760b-41d0-8669-6955a4991ad3=Assignment(partitions=[inventory-events-0, order-events-0, payment-events-0])}
2026-09-23T09:46:09.998+07:00  INFO 32964 --- [order-service] [ntainer#2-0-C-1] o.a.k.c.c.internals.ConsumerCoordinator  : [Consumer clientId=consumer-order-service-group-1, groupId=order-service-group] Finished assignment for group at generation 16: {consumer-order-service-group-3-a45e8865-4596-45a4-87d6-30d5c9c22df2=Assignment(partitions=[payment-events-0]), consumer-order-service-group-1-920e63cf-c5d7-4a65-ace2-53184997b13a=Assignment(partitions=[inventory-events-0])}
2026-09-23T09:46:10.006+07:00  INFO 32964 --- [order-service] [ntainer#0-0-C-1] o.a.k.c.c.internals.ConsumerCoordinator  : [Consumer clientId=consumer-saga-audit-group-2, groupId=saga-audit-group] Successfully synced group in generation Generation{generationId=23, memberId='consumer-saga-audit-group-2-7d167757-760b-41d0-8669-6955a4991ad3', protocol='range'}
2026-09-23T09:46:10.006+07:00  INFO 32964 --- [order-service] [ntainer#1-0-C-1] o.a.k.c.c.internals.ConsumerCoordinator  : [Consumer clientId=consumer-order-service-group-3, groupId=order-service-group] Successfully synced group in generation Generation{generationId=16, memberId='consumer-order-service-group-3-a45e8865-4596-45a4-87d6-30d5c9c22df2', protocol='range'}
2026-09-23T09:46:10.006+07:00  INFO 32964 --- [order-service] [ntainer#2-0-C-1] o.a.k.c.c.internals.ConsumerCoordinator  : [Consumer clientId=consumer-order-service-group-1, groupId=order-service-group] Successfully synced group in generation Generation{generationId=16, memberId='consumer-order-service-group-1-920e63cf-c5d7-4a65-ace2-53184997b13a', protocol='range'}
2026-09-23T09:46:10.006+07:00  INFO 32964 --- [order-service] [ntainer#0-0-C-1] o.a.k.c.c.internals.ConsumerCoordinator  : [Consumer clientId=consumer-saga-audit-group-2, groupId=saga-audit-group] Notifying assignor about the new Assignment(partitions=[inventory-events-0, order-events-0, payment-events-0])
2026-09-23T09:46:10.006+07:00  INFO 32964 --- [order-service] [ntainer#1-0-C-1] o.a.k.c.c.internals.ConsumerCoordinator  : [Consumer clientId=consumer-order-service-group-3, groupId=order-service-group] Notifying assignor about the new Assignment(partitions=[payment-events-0])
2026-09-23T09:46:10.006+07:00  INFO 32964 --- [order-service] [ntainer#2-0-C-1] o.a.k.c.c.internals.ConsumerCoordinator  : [Consumer clientId=consumer-order-service-group-1, groupId=order-service-group] Notifying assignor about the new Assignment(partitions=[inventory-events-0])
2026-09-23T09:46:10.009+07:00  INFO 32964 --- [order-service] [ntainer#2-0-C-1] k.c.c.i.ConsumerRebalanceListenerInvoker : [Consumer clientId=consumer-order-service-group-1, groupId=order-service-group] Adding newly assigned partitions: [inventory-events-0]
2026-09-23T09:46:10.009+07:00  INFO 32964 --- [order-service] [ntainer#0-0-C-1] k.c.c.i.ConsumerRebalanceListenerInvoker : [Consumer clientId=consumer-saga-audit-group-2, groupId=saga-audit-group] Adding newly assigned partitions: [inventory-events-0, order-events-0, payment-events-0]
2026-09-23T09:46:10.009+07:00  INFO 32964 --- [order-service] [ntainer#1-0-C-1] k.c.c.i.ConsumerRebalanceListenerInvoker : [Consumer clientId=consumer-order-service-group-3, groupId=order-service-group] Adding newly assigned partitions: [payment-events-0]
2026-09-23T09:46:10.026+07:00  INFO 32964 --- [order-service] [ntainer#1-0-C-1] o.a.k.c.c.internals.ConsumerUtils        : Setting offset for partition payment-events-0 to the committed offset FetchPosition{offset=19, offsetEpoch=Optional.empty, currentLeader=LeaderAndEpoch{leader=Optional[localhost:9092 (id: 1 rack: null isFenced: false)], epoch=0}}
2026-09-23T09:46:10.026+07:00  INFO 32964 --- [order-service] [ntainer#2-0-C-1] o.a.k.c.c.internals.ConsumerUtils        : Setting offset for partition inventory-events-0 to the committed offset FetchPosition{offset=9, offsetEpoch=Optional.empty, currentLeader=LeaderAndEpoch{leader=Optional[localhost:9092 (id: 1 rack: null isFenced: false)], epoch=0}}
2026-09-23T09:46:10.026+07:00  INFO 32964 --- [order-service] [ntainer#0-0-C-1] o.a.k.c.c.internals.ConsumerUtils        : Setting offset for partition inventory-events-0 to the committed offset FetchPosition{offset=9, offsetEpoch=Optional.empty, currentLeader=LeaderAndEpoch{leader=Optional[localhost:9092 (id: 1 rack: null isFenced: false)], epoch=0}}
2026-09-23T09:46:10.031+07:00  INFO 32964 --- [order-service] [ntainer#0-0-C-1] o.a.k.c.c.internals.ConsumerUtils        : Setting offset for partition order-events-0 to the committed offset FetchPosition{offset=16, offsetEpoch=Optional.empty, currentLeader=LeaderAndEpoch{leader=Optional[localhost:9092 (id: 1 rack: null isFenced: false)], epoch=0}}
2026-09-23T09:46:10.032+07:00  INFO 32964 --- [order-service] [ntainer#0-0-C-1] o.a.k.c.c.internals.ConsumerUtils        : Setting offset for partition payment-events-0 to the committed offset FetchPosition{offset=19, offsetEpoch=Optional.empty, currentLeader=LeaderAndEpoch{leader=Optional[localhost:9092 (id: 1 rack: null isFenced: false)], epoch=0}}
2026-09-23T09:46:10.033+07:00  INFO 32964 --- [order-service] [ntainer#1-0-C-1] o.s.k.l.KafkaMessageListenerContainer    : order-service-group: partitions assigned: [payment-events-0]
2026-09-23T09:46:10.033+07:00  INFO 32964 --- [order-service] [ntainer#0-0-C-1] o.s.k.l.KafkaMessageListenerContainer    : saga-audit-group: partitions assigned: [inventory-events-0, order-events-0, payment-events-0]
2026-09-23T09:46:10.033+07:00  INFO 32964 --- [order-service] [ntainer#2-0-C-1] o.s.k.l.KafkaMessageListenerContainer    : order-service-group: partitions assigned: [inventory-events-0]
2026-09-23T09:46:22.012+07:00  INFO 32964 --- [order-service] [ntainer#0-0-C-1] o.a.k.c.c.internals.ConsumerCoordinator  : [Consumer clientId=consumer-saga-audit-group-2, groupId=saga-audit-group] Request joining group due to: group is already rebalancing
2026-09-23T09:46:22.013+07:00  INFO 32964 --- [order-service] [ntainer#0-0-C-1] k.c.c.i.ConsumerRebalanceListenerInvoker : [Consumer clientId=consumer-saga-audit-group-2, groupId=saga-audit-group] Revoke previously assigned partitions [inventory-events-0, order-events-0, payment-events-0]
2026-09-23T09:46:22.013+07:00  INFO 32964 --- [order-service] [ntainer#0-0-C-1] o.s.k.l.KafkaMessageListenerContainer    : saga-audit-group: partitions revoked: [inventory-events-0, order-events-0, payment-events-0]
2026-09-23T09:46:22.016+07:00  INFO 32964 --- [order-service] [ntainer#0-0-C-1] o.a.k.c.c.internals.ConsumerCoordinator  : [Consumer clientId=consumer-saga-audit-group-2, groupId=saga-audit-group] (Re-)joining group
2026-09-23T09:46:22.025+07:00  INFO 32964 --- [order-service] [ntainer#0-0-C-1] o.a.k.c.c.internals.ConsumerCoordinator  : [Consumer clientId=consumer-saga-audit-group-2, groupId=saga-audit-group] Successfully joined group with generation Generation{generationId=24, memberId='consumer-saga-audit-group-2-7d167757-760b-41d0-8669-6955a4991ad3', protocol='range'}
2026-09-23T09:46:22.025+07:00  INFO 32964 --- [order-service] [ntainer#0-0-C-1] o.a.k.c.c.internals.ConsumerCoordinator  : [Consumer clientId=consumer-saga-audit-group-2, groupId=saga-audit-group] Finished assignment for group at generation 24: {consumer-saga-audit-group-2-18aa716a-fffc-4b4d-8c0f-ef23009a665b=Assignment(partitions=[inventory-events-0, order-events-0, payment-events-0]), consumer-saga-audit-group-2-7d167757-760b-41d0-8669-6955a4991ad3=Assignment(partitions=[])}
2026-09-23T09:46:22.029+07:00  INFO 32964 --- [order-service] [ntainer#0-0-C-1] o.a.k.c.c.internals.ConsumerCoordinator  : [Consumer clientId=consumer-saga-audit-group-2, groupId=saga-audit-group] Successfully synced group in generation Generation{generationId=24, memberId='consumer-saga-audit-group-2-7d167757-760b-41d0-8669-6955a4991ad3', protocol='range'}
2026-09-23T09:46:22.030+07:00  INFO 32964 --- [order-service] [ntainer#0-0-C-1] o.a.k.c.c.internals.ConsumerCoordinator  : [Consumer clientId=consumer-saga-audit-group-2, groupId=saga-audit-group] Notifying assignor about the new Assignment(partitions=[])
2026-09-23T09:46:22.030+07:00  INFO 32964 --- [order-service] [ntainer#0-0-C-1] k.c.c.i.ConsumerRebalanceListenerInvoker : [Consumer clientId=consumer-saga-audit-group-2, groupId=saga-audit-group] Adding newly assigned partitions: []
2026-09-23T09:46:22.030+07:00  INFO 32964 --- [order-service] [ntainer#0-0-C-1] o.s.k.l.KafkaMessageListenerContainer    : saga-audit-group: partitions assigned: []
2026-09-23T09:46:38.192+07:00  INFO 32964 --- [order-service] [reshExecutor-%d] com.netflix.discovery.DiscoveryClient    : Disable delta property : false
2026-09-23T09:46:38.193+07:00  INFO 32964 --- [order-service] [reshExecutor-%d] com.netflix.discovery.DiscoveryClient    : Single vip registry refresh property : null
2026-09-23T09:46:38.194+07:00  INFO 32964 --- [order-service] [reshExecutor-%d] com.netflix.discovery.DiscoveryClient    : Force full registry fetch : false
2026-09-23T09:46:38.194+07:00  INFO 32964 --- [order-service] [reshExecutor-%d] com.netflix.discovery.DiscoveryClient    : Application is null : false
2026-09-23T09:46:38.194+07:00  INFO 32964 --- [order-service] [reshExecutor-%d] com.netflix.discovery.DiscoveryClient    : Registered Applications size is zero : true
2026-09-23T09:46:38.194+07:00  INFO 32964 --- [order-service] [reshExecutor-%d] com.netflix.discovery.DiscoveryClient    : Application version is -1: false
2026-09-23T09:46:38.194+07:00  INFO 32964 --- [order-service] [reshExecutor-%d] com.netflix.discovery.DiscoveryClient    : Getting all instance registry info from the eureka server
2026-09-23T09:46:38.241+07:00  INFO 32964 --- [order-service] [reshExecutor-%d] com.netflix.discovery.DiscoveryClient    : The response status is 200
2026-09-23T09:48:16.340+07:00  INFO 32964 --- [order-service] [ntainer#0-0-C-1] o.a.k.c.c.internals.ConsumerCoordinator  : [Consumer clientId=consumer-saga-audit-group-2, groupId=saga-audit-group] Request joining group due to: group is already rebalancing
2026-09-23T09:48:16.340+07:00  INFO 32964 --- [order-service] [ntainer#0-0-C-1] k.c.c.i.ConsumerRebalanceListenerInvoker : [Consumer clientId=consumer-saga-audit-group-2, groupId=saga-audit-group] Revoke previously assigned partitions []
2026-09-23T09:48:16.341+07:00  INFO 32964 --- [order-service] [ntainer#0-0-C-1] o.s.k.l.KafkaMessageListenerContainer    : saga-audit-group: partitions revoked: []
2026-09-23T09:48:16.341+07:00  INFO 32964 --- [order-service] [ntainer#0-0-C-1] o.a.k.c.c.internals.ConsumerCoordinator  : [Consumer clientId=consumer-saga-audit-group-2, groupId=saga-audit-group] (Re-)joining group
2026-09-23T09:48:16.344+07:00  INFO 32964 --- [order-service] [ntainer#0-0-C-1] o.a.k.c.c.internals.ConsumerCoordinator  : [Consumer clientId=consumer-saga-audit-group-2, groupId=saga-audit-group] Successfully joined group with generation Generation{generationId=25, memberId='consumer-saga-audit-group-2-7d167757-760b-41d0-8669-6955a4991ad3', protocol='range'}
2026-09-23T09:48:16.345+07:00  INFO 32964 --- [order-service] [ntainer#0-0-C-1] o.a.k.c.c.internals.ConsumerCoordinator  : [Consumer clientId=consumer-saga-audit-group-2, groupId=saga-audit-group] Finished assignment for group at generation 25: {consumer-saga-audit-group-2-18aa716a-fffc-4b4d-8c0f-ef23009a665b=Assignment(partitions=[]), consumer-saga-audit-group-1-c6e6cd0f-748b-4563-885f-8d0fbf97da5c=Assignment(partitions=[inventory-events-0, order-events-0, payment-events-0]), consumer-saga-audit-group-2-7d167757-760b-41d0-8669-6955a4991ad3=Assignment(partitions=[])}
2026-09-23T09:48:16.349+07:00  INFO 32964 --- [order-service] [ntainer#0-0-C-1] o.a.k.c.c.internals.ConsumerCoordinator  : [Consumer clientId=consumer-saga-audit-group-2, groupId=saga-audit-group] Successfully synced group in generation Generation{generationId=25, memberId='consumer-saga-audit-group-2-7d167757-760b-41d0-8669-6955a4991ad3', protocol='range'}
2026-09-23T09:48:16.349+07:00  INFO 32964 --- [order-service] [ntainer#0-0-C-1] o.a.k.c.c.internals.ConsumerCoordinator  : [Consumer clientId=consumer-saga-audit-group-2, groupId=saga-audit-group] Notifying assignor about the new Assignment(partitions=[])
2026-09-23T09:48:16.349+07:00  INFO 32964 --- [order-service] [ntainer#0-0-C-1] k.c.c.i.ConsumerRebalanceListenerInvoker : [Consumer clientId=consumer-saga-audit-group-2, groupId=saga-audit-group] Adding newly assigned partitions: []
2026-09-23T09:48:16.350+07:00  INFO 32964 --- [order-service] [ntainer#0-0-C-1] o.s.k.l.KafkaMessageListenerContainer    : saga-audit-group: partitions assigned: []
2026-09-23T09:48:59.933+07:00  INFO 32964 --- [order-service] [nio-8082-exec-1] o.a.c.c.C.[Tomcat].[localhost].[/]       : Initializing Spring DispatcherServlet 'dispatcherServlet'
2026-09-23T09:48:59.934+07:00  INFO 32964 --- [order-service] [nio-8082-exec-1] o.s.web.servlet.DispatcherServlet        : Initializing Servlet 'dispatcherServlet'
2026-09-23T09:48:59.935+07:00  INFO 32964 --- [order-service] [nio-8082-exec-1] o.s.web.servlet.DispatcherServlet        : Completed initialization in 1 ms
2026-09-23T09:49:00.078+07:00  INFO 32964 --- [order-service] [nio-8082-exec-1] com.session14.saga.order.OrderService    : Saga start: productId=1 quantity=1 amount=99.99 customerId=DEMO-HAPPY
2026-09-23T09:49:00.126+07:00 DEBUG 32964 --- [order-service] [nio-8082-exec-1] org.hibernate.SQL                        : select o1_0.id,o1_0.amount,o1_0.created_at,o1_0.customer_id,o1_0.last_reason,o1_0.product_id,o1_0.quantity,o1_0.status,o1_0.updated_at from saga_orders o1_0 where o1_0.id=?
2026-09-23T09:49:00.129+07:00 TRACE 32964 --- [order-service] [nio-8082-exec-1] org.hibernate.orm.jdbc.bind              : binding parameter (1:BIGINT) <- [1790131563935]
2026-09-23T09:49:00.201+07:00  INFO 32964 --- [order-service] [nio-8082-exec-1] com.session14.saga.order.OrderService    : OrderService: OrderCreated orderId=1790131563935 correlationId=1790131563935 amount=99.99
2026-09-23T09:49:00.201+07:00  INFO 32964 --- [order-service] [nio-8082-exec-1] c.session14.saga.common.EventPublisher   : Saga event publish started: topic=order-events type=OrderCreated eventId=29161859-82bb-4bbe-b08c-e97438157fd5 correlationId=1790131563935 orderId=1790131563935 productId=1
2026-09-23T09:49:00.218+07:00  INFO 32964 --- [order-service] [nio-8082-exec-1] o.a.kafka.common.config.AbstractConfig   : ProducerConfig values: 
	acks = -1
	batch.size = 16384
	bootstrap.servers = [localhost:9092]
	buffer.memory = 33554432
	client.dns.lookup = use_all_dns_ips
	client.id = order-service-producer-1
	compression.gzip.level = -1
	compression.lz4.level = 9
	compression.type = none
	compression.zstd.level = 3
	config.providers = []
	connections.max.idle.ms = 540000
	delivery.timeout.ms = 120000
	enable.idempotence = true
	enable.metrics.push = true
	interceptor.classes = []
	key.serializer = class org.apache.kafka.common.serialization.StringSerializer
	linger.ms = 5
	max.block.ms = 60000
	max.in.flight.requests.per.connection = 5
	max.request.size = 1048576
	metadata.max.age.ms = 300000
	metadata.max.idle.ms = 300000
	metadata.recovery.rebootstrap.trigger.ms = 300000
	metadata.recovery.strategy = rebootstrap
	metric.reporters = [org.apache.kafka.common.metrics.JmxReporter]
	metrics.num.samples = 2
	metrics.recording.level = INFO
	metrics.sample.window.ms = 30000
	partitioner.adaptive.partitioning.enable = true
	partitioner.availability.timeout.ms = 0
	partitioner.class = null
	partitioner.ignore.keys = false
	receive.buffer.bytes = 32768
	reconnect.backoff.max.ms = 1000
	reconnect.backoff.ms = 50
	request.timeout.ms = 30000
	retries = 2147483647
	retry.backoff.max.ms = 1000
	retry.backoff.ms = 100
	sasl.client.callback.handler.class = null
	sasl.jaas.config = null
	sasl.kerberos.kinit.cmd = /usr/bin/kinit
	sasl.kerberos.min.time.before.relogin = 60000
	sasl.kerberos.service.name = null
	sasl.kerberos.ticket.renew.jitter = 0.05
	sasl.kerberos.ticket.renew.window.factor = 0.8
	sasl.login.callback.handler.class = null
	sasl.login.class = null
	sasl.login.connect.timeout.ms = null
	sasl.login.read.timeout.ms = null
	sasl.login.refresh.buffer.seconds = 300
	sasl.login.refresh.min.period.seconds = 60
	sasl.login.refresh.window.factor = 0.8
	sasl.login.refresh.window.jitter = 0.05
	sasl.login.retry.backoff.max.ms = 10000
	sasl.login.retry.backoff.ms = 100
	sasl.mechanism = GSSAPI
	sasl.oauthbearer.assertion.algorithm = RS256
	sasl.oauthbearer.assertion.claim.aud = null
	sasl.oauthbearer.assertion.claim.exp.seconds = 300
	sasl.oauthbearer.assertion.claim.iss = null
	sasl.oauthbearer.assertion.claim.jti.include = false
	sasl.oauthbearer.assertion.claim.nbf.seconds = 60
	sasl.oauthbearer.assertion.claim.sub = null
	sasl.oauthbearer.assertion.file = null
	sasl.oauthbearer.assertion.private.key.file = null
	sasl.oauthbearer.assertion.private.key.passphrase = null
	sasl.oauthbearer.assertion.template.file = null
	sasl.oauthbearer.client.credentials.client.id = null
	sasl.oauthbearer.client.credentials.client.secret = null
	sasl.oauthbearer.clock.skew.seconds = 30
	sasl.oauthbearer.expected.audience = []
	sasl.oauthbearer.expected.issuer = null
	sasl.oauthbearer.header.urlencode = false
	sasl.oauthbearer.jwks.endpoint.refresh.ms = 3600000
	sasl.oauthbearer.jwks.endpoint.retry.backoff.max.ms = 10000
	sasl.oauthbearer.jwks.endpoint.retry.backoff.ms = 100
	sasl.oauthbearer.jwks.endpoint.url = null
	sasl.oauthbearer.jwt.retriever.class = class org.apache.kafka.common.security.oauthbearer.DefaultJwtRetriever
	sasl.oauthbearer.jwt.validator.class = class org.apache.kafka.common.security.oauthbearer.DefaultJwtValidator
	sasl.oauthbearer.scope = null
	sasl.oauthbearer.scope.claim.name = scope
	sasl.oauthbearer.sub.claim.name = sub
	sasl.oauthbearer.token.endpoint.url = null
	security.protocol = PLAINTEXT
	security.providers = null
	send.buffer.bytes = 131072
	socket.connection.setup.timeout.max.ms = 30000
	socket.connection.setup.timeout.ms = 10000
	ssl.cipher.suites = []
	ssl.enabled.protocols = [TLSv1.2, TLSv1.3]
	ssl.endpoint.identification.algorithm = https
	ssl.engine.factory.class = null
	ssl.key.password = null
	ssl.keymanager.algorithm = SunX509
	ssl.keystore.certificate.chain = null
	ssl.keystore.key = null
	ssl.keystore.location = null
	ssl.keystore.password = null
	ssl.keystore.type = JKS
	ssl.protocol = TLSv1.3
	ssl.provider = null
	ssl.secure.random.implementation = null
	ssl.trustmanager.algorithm = PKIX
	ssl.truststore.certificates = null
	ssl.truststore.location = null
	ssl.truststore.password = null
	ssl.truststore.type = JKS
	transaction.timeout.ms = 60000
	transaction.two.phase.commit.enable = false
	transactional.id = null
	value.serializer = class org.springframework.kafka.support.serializer.JacksonJsonSerializer

2026-09-23T09:49:00.220+07:00  INFO 32964 --- [order-service] [nio-8082-exec-1] o.a.k.c.t.i.KafkaMetricsCollector        : initializing Kafka metrics collector
2026-09-23T09:49:00.236+07:00  INFO 32964 --- [order-service] [nio-8082-exec-1] o.a.k.clients.producer.KafkaProducer     : [Producer clientId=order-service-producer-1] Instantiated an idempotent producer.
2026-09-23T09:49:00.263+07:00  INFO 32964 --- [order-service] [nio-8082-exec-1] o.a.kafka.common.utils.AppInfoParser     : Kafka version: 4.2.1
2026-09-23T09:49:00.263+07:00  INFO 32964 --- [order-service] [nio-8082-exec-1] o.a.kafka.common.utils.AppInfoParser     : Kafka commitId: 92f61c44867f39dc
2026-09-23T09:49:00.263+07:00  INFO 32964 --- [order-service] [nio-8082-exec-1] o.a.kafka.common.utils.AppInfoParser     : Kafka startTimeMs: 1790131740263
2026-09-23T09:49:00.276+07:00  INFO 32964 --- [order-service] [vice-producer-1] org.apache.kafka.clients.Metadata        : [Producer clientId=order-service-producer-1] Cluster ID: Mk3OEYBSD3Tsfw5LILxXkg
2026-09-23T09:49:00.277+07:00  INFO 32964 --- [order-service] [vice-producer-1] o.a.k.c.p.internals.TransactionManager   : [Producer clientId=order-service-producer-1] ProducerId set to 3004 with epoch 0
2026-09-23T09:49:00.337+07:00 DEBUG 32964 --- [order-service] [nio-8082-exec-1] org.hibernate.SQL                        : insert into saga_orders (amount,created_at,customer_id,last_reason,product_id,quantity,status,updated_at,id) values (?,?,?,?,?,?,?,?,?)
2026-09-23T09:49:00.340+07:00 TRACE 32964 --- [order-service] [nio-8082-exec-1] org.hibernate.orm.jdbc.bind              : binding parameter (1:NUMERIC) <- [99.99]
2026-09-23T09:49:00.341+07:00  INFO 32964 --- [order-service] [vice-producer-1] c.session14.saga.common.EventPublisher   : Saga event publish completed: topic=order-events partition=0 offset=16 type=OrderCreated eventId=29161859-82bb-4bbe-b08c-e97438157fd5 correlationId=1790131563935
2026-09-23T09:49:00.341+07:00 TRACE 32964 --- [order-service] [nio-8082-exec-1] org.hibernate.orm.jdbc.bind              : binding parameter (2:TIMESTAMP_UTC) <- [2026-09-23T02:49:00.078585600Z]
2026-09-23T09:49:00.346+07:00 TRACE 32964 --- [order-service] [nio-8082-exec-1] org.hibernate.orm.jdbc.bind              : binding parameter (3:VARCHAR) <- [DEMO-HAPPY]
2026-09-23T09:49:00.346+07:00 TRACE 32964 --- [order-service] [nio-8082-exec-1] org.hibernate.orm.jdbc.bind              : binding parameter (4:VARCHAR) <- [null]
2026-09-23T09:49:00.346+07:00 TRACE 32964 --- [order-service] [nio-8082-exec-1] org.hibernate.orm.jdbc.bind              : binding parameter (5:BIGINT) <- [1]
2026-09-23T09:49:00.346+07:00 TRACE 32964 --- [order-service] [nio-8082-exec-1] org.hibernate.orm.jdbc.bind              : binding parameter (6:INTEGER) <- [1]
2026-09-23T09:49:00.346+07:00 TRACE 32964 --- [order-service] [nio-8082-exec-1] org.hibernate.orm.jdbc.bind              : binding parameter (7:VARCHAR) <- [PENDING]
2026-09-23T09:49:00.347+07:00 TRACE 32964 --- [order-service] [nio-8082-exec-1] org.hibernate.orm.jdbc.bind              : binding parameter (8:TIMESTAMP_UTC) <- [2026-09-23T02:49:00.078585600Z]
2026-09-23T09:49:00.347+07:00 TRACE 32964 --- [order-service] [nio-8082-exec-1] org.hibernate.orm.jdbc.bind              : binding parameter (9:BIGINT) <- [1790131563935]
2026-09-23T09:49:01.051+07:00 DEBUG 32964 --- [order-service] [ntainer#1-0-C-1] com.session14.saga.order.OrderService    : Order payment event ignored: type=PaymentCompleted correlationId=1790131563935
2026-09-23T09:49:01.189+07:00 DEBUG 32964 --- [order-service] [ntainer#2-0-C-1] org.hibernate.SQL                        : select o1_0.id,o1_0.amount,o1_0.created_at,o1_0.customer_id,o1_0.last_reason,o1_0.product_id,o1_0.quantity,o1_0.status,o1_0.updated_at from saga_orders o1_0 where o1_0.id=?
2026-09-23T09:49:01.190+07:00 TRACE 32964 --- [order-service] [ntainer#2-0-C-1] org.hibernate.orm.jdbc.bind              : binding parameter (1:BIGINT) <- [1790131563935]
2026-09-23T09:49:01.193+07:00  INFO 32964 --- [order-service] [ntainer#2-0-C-1] com.session14.saga.order.OrderService    : OrderService: received InventoryDeducted -> order 1790131563935 = CONFIRMED reason=null
2026-09-23T09:49:01.198+07:00 DEBUG 32964 --- [order-service] [ntainer#2-0-C-1] org.hibernate.SQL                        : update saga_orders set amount=?,created_at=?,customer_id=?,last_reason=?,product_id=?,quantity=?,status=?,updated_at=? where id=?
2026-09-23T09:49:01.199+07:00 TRACE 32964 --- [order-service] [ntainer#2-0-C-1] org.hibernate.orm.jdbc.bind              : binding parameter (1:NUMERIC) <- [99.99]
2026-09-23T09:49:01.199+07:00 TRACE 32964 --- [order-service] [ntainer#2-0-C-1] org.hibernate.orm.jdbc.bind              : binding parameter (2:TIMESTAMP_UTC) <- [2026-09-23T02:49:00.078586Z]
2026-09-23T09:49:01.199+07:00 TRACE 32964 --- [order-service] [ntainer#2-0-C-1] org.hibernate.orm.jdbc.bind              : binding parameter (3:VARCHAR) <- [DEMO-HAPPY]
2026-09-23T09:49:01.199+07:00 TRACE 32964 --- [order-service] [ntainer#2-0-C-1] org.hibernate.orm.jdbc.bind              : binding parameter (4:VARCHAR) <- [null]
2026-09-23T09:49:01.199+07:00 TRACE 32964 --- [order-service] [ntainer#2-0-C-1] org.hibernate.orm.jdbc.bind              : binding parameter (5:BIGINT) <- [1]
2026-09-23T09:49:01.199+07:00 TRACE 32964 --- [order-service] [ntainer#2-0-C-1] org.hibernate.orm.jdbc.bind              : binding parameter (6:INTEGER) <- [1]
2026-09-23T09:49:01.200+07:00 TRACE 32964 --- [order-service] [ntainer#2-0-C-1] org.hibernate.orm.jdbc.bind              : binding parameter (7:VARCHAR) <- [CONFIRMED]
2026-09-23T09:49:01.200+07:00 TRACE 32964 --- [order-service] [ntainer#2-0-C-1] org.hibernate.orm.jdbc.bind              : binding parameter (8:TIMESTAMP_UTC) <- [2026-09-23T02:49:01.193249400Z]
2026-09-23T09:49:01.200+07:00 TRACE 32964 --- [order-service] [ntainer#2-0-C-1] org.hibernate.orm.jdbc.bind              : binding parameter (9:BIGINT) <- [1790131563935]
2026-09-23T09:49:19.620+07:00 DEBUG 32964 --- [order-service] [nio-8082-exec-3] org.hibernate.SQL                        : select o1_0.id,o1_0.amount,o1_0.created_at,o1_0.customer_id,o1_0.last_reason,o1_0.product_id,o1_0.quantity,o1_0.status,o1_0.updated_at from saga_orders o1_0 where o1_0.id=?
2026-09-23T09:49:19.620+07:00 TRACE 32964 --- [order-service] [nio-8082-exec-3] org.hibernate.orm.jdbc.bind              : binding parameter (1:BIGINT) <- [1790131563935]
2026-09-23T09:49:49.990+07:00  INFO 32964 --- [order-service] [nio-8082-exec-4] com.session14.saga.order.OrderService    : Saga start: productId=2 quantity=1 amount=120.00 customerId=DEMO-PAYMENT-DOWN
2026-09-23T09:49:49.991+07:00 DEBUG 32964 --- [order-service] [nio-8082-exec-4] org.hibernate.SQL                        : select o1_0.id,o1_0.amount,o1_0.created_at,o1_0.customer_id,o1_0.last_reason,o1_0.product_id,o1_0.quantity,o1_0.status,o1_0.updated_at from saga_orders o1_0 where o1_0.id=?
2026-09-23T09:49:49.992+07:00 TRACE 32964 --- [order-service] [nio-8082-exec-4] org.hibernate.orm.jdbc.bind              : binding parameter (1:BIGINT) <- [1790131563936]
2026-09-23T09:49:49.994+07:00  INFO 32964 --- [order-service] [nio-8082-exec-4] com.session14.saga.order.OrderService    : OrderService: OrderCreated orderId=1790131563936 correlationId=1790131563936 amount=120.00
2026-09-23T09:49:49.995+07:00  INFO 32964 --- [order-service] [nio-8082-exec-4] c.session14.saga.common.EventPublisher   : Saga event publish started: topic=order-events type=OrderCreated eventId=c0fa7247-5e25-49a5-a80c-dd8714a94dcc correlationId=1790131563936 orderId=1790131563936 productId=2
2026-09-23T09:49:49.997+07:00 DEBUG 32964 --- [order-service] [nio-8082-exec-4] org.hibernate.SQL                        : insert into saga_orders (amount,created_at,customer_id,last_reason,product_id,quantity,status,updated_at,id) values (?,?,?,?,?,?,?,?,?)
2026-09-23T09:49:49.997+07:00 TRACE 32964 --- [order-service] [nio-8082-exec-4] org.hibernate.orm.jdbc.bind              : binding parameter (1:NUMERIC) <- [120.00]
2026-09-23T09:49:49.998+07:00 TRACE 32964 --- [order-service] [nio-8082-exec-4] org.hibernate.orm.jdbc.bind              : binding parameter (2:TIMESTAMP_UTC) <- [2026-09-23T02:49:49.991394Z]
2026-09-23T09:49:49.998+07:00 TRACE 32964 --- [order-service] [nio-8082-exec-4] org.hibernate.orm.jdbc.bind              : binding parameter (3:VARCHAR) <- [DEMO-PAYMENT-DOWN]
2026-09-23T09:49:49.998+07:00 TRACE 32964 --- [order-service] [nio-8082-exec-4] org.hibernate.orm.jdbc.bind              : binding parameter (4:VARCHAR) <- [null]
2026-09-23T09:49:49.998+07:00 TRACE 32964 --- [order-service] [nio-8082-exec-4] org.hibernate.orm.jdbc.bind              : binding parameter (5:BIGINT) <- [2]
2026-09-23T09:49:49.999+07:00 TRACE 32964 --- [order-service] [nio-8082-exec-4] org.hibernate.orm.jdbc.bind              : binding parameter (6:INTEGER) <- [1]
2026-09-23T09:49:49.999+07:00 TRACE 32964 --- [order-service] [nio-8082-exec-4] org.hibernate.orm.jdbc.bind              : binding parameter (7:VARCHAR) <- [PENDING]
2026-09-23T09:49:49.999+07:00 TRACE 32964 --- [order-service] [nio-8082-exec-4] org.hibernate.orm.jdbc.bind              : binding parameter (8:TIMESTAMP_UTC) <- [2026-09-23T02:49:49.991394Z]
2026-09-23T09:49:50.000+07:00 TRACE 32964 --- [order-service] [nio-8082-exec-4] org.hibernate.orm.jdbc.bind              : binding parameter (9:BIGINT) <- [1790131563936]
2026-09-23T09:49:50.022+07:00  INFO 32964 --- [order-service] [vice-producer-1] c.session14.saga.common.EventPublisher   : Saga event publish completed: topic=order-events partition=0 offset=17 type=OrderCreated eventId=c0fa7247-5e25-49a5-a80c-dd8714a94dcc correlationId=1790131563936
2026-09-23T09:50:04.687+07:00 DEBUG 32964 --- [order-service] [nio-8082-exec-9] org.hibernate.SQL                        : select o1_0.id,o1_0.amount,o1_0.created_at,o1_0.customer_id,o1_0.last_reason,o1_0.product_id,o1_0.quantity,o1_0.status,o1_0.updated_at from saga_orders o1_0 where o1_0.id=?
2026-09-23T09:50:04.688+07:00 TRACE 32964 --- [order-service] [nio-8082-exec-9] org.hibernate.orm.jdbc.bind              : binding parameter (1:BIGINT) <- [1790131563936]
2026-09-23T09:50:14.552+07:00  INFO 32964 --- [order-service] [nio-8082-exec-6] com.session14.saga.order.OrderService    : Saga start: productId=4 quantity=1 amount=80.00 customerId=DEMO-INVENTORY-FAIL
2026-09-23T09:50:14.552+07:00 DEBUG 32964 --- [order-service] [nio-8082-exec-6] org.hibernate.SQL                        : select o1_0.id,o1_0.amount,o1_0.created_at,o1_0.customer_id,o1_0.last_reason,o1_0.product_id,o1_0.quantity,o1_0.status,o1_0.updated_at from saga_orders o1_0 where o1_0.id=?
2026-09-23T09:50:14.553+07:00 TRACE 32964 --- [order-service] [nio-8082-exec-6] org.hibernate.orm.jdbc.bind              : binding parameter (1:BIGINT) <- [1790131563937]
2026-09-23T09:50:14.555+07:00  INFO 32964 --- [order-service] [nio-8082-exec-6] com.session14.saga.order.OrderService    : OrderService: OrderCreated orderId=1790131563937 correlationId=1790131563937 amount=80.00
2026-09-23T09:50:14.555+07:00  INFO 32964 --- [order-service] [nio-8082-exec-6] c.session14.saga.common.EventPublisher   : Saga event publish started: topic=order-events type=OrderCreated eventId=77563f84-e3af-414e-8f4d-084905301bf7 correlationId=1790131563937 orderId=1790131563937 productId=4
2026-09-23T09:50:14.557+07:00 DEBUG 32964 --- [order-service] [nio-8082-exec-6] org.hibernate.SQL                        : insert into saga_orders (amount,created_at,customer_id,last_reason,product_id,quantity,status,updated_at,id) values (?,?,?,?,?,?,?,?,?)
2026-09-23T09:50:14.557+07:00 TRACE 32964 --- [order-service] [nio-8082-exec-6] org.hibernate.orm.jdbc.bind              : binding parameter (1:NUMERIC) <- [80.00]
2026-09-23T09:50:14.557+07:00 TRACE 32964 --- [order-service] [nio-8082-exec-6] org.hibernate.orm.jdbc.bind              : binding parameter (2:TIMESTAMP_UTC) <- [2026-09-23T02:50:14.552905200Z]
2026-09-23T09:50:14.557+07:00 TRACE 32964 --- [order-service] [nio-8082-exec-6] org.hibernate.orm.jdbc.bind              : binding parameter (3:VARCHAR) <- [DEMO-INVENTORY-FAIL]
2026-09-23T09:50:14.557+07:00 TRACE 32964 --- [order-service] [nio-8082-exec-6] org.hibernate.orm.jdbc.bind              : binding parameter (4:VARCHAR) <- [null]
2026-09-23T09:50:14.558+07:00 TRACE 32964 --- [order-service] [nio-8082-exec-6] org.hibernate.orm.jdbc.bind              : binding parameter (5:BIGINT) <- [4]
2026-09-23T09:50:14.558+07:00 TRACE 32964 --- [order-service] [nio-8082-exec-6] org.hibernate.orm.jdbc.bind              : binding parameter (6:INTEGER) <- [1]
2026-09-23T09:50:14.558+07:00 TRACE 32964 --- [order-service] [nio-8082-exec-6] org.hibernate.orm.jdbc.bind              : binding parameter (7:VARCHAR) <- [PENDING]
2026-09-23T09:50:14.558+07:00 TRACE 32964 --- [order-service] [nio-8082-exec-6] org.hibernate.orm.jdbc.bind              : binding parameter (8:TIMESTAMP_UTC) <- [2026-09-23T02:50:14.552905200Z]
2026-09-23T09:50:14.558+07:00 TRACE 32964 --- [order-service] [nio-8082-exec-6] org.hibernate.orm.jdbc.bind              : binding parameter (9:BIGINT) <- [1790131563937]
2026-09-23T09:50:14.582+07:00  INFO 32964 --- [order-service] [vice-producer-1] c.session14.saga.common.EventPublisher   : Saga event publish completed: topic=order-events partition=0 offset=18 type=OrderCreated eventId=77563f84-e3af-414e-8f4d-084905301bf7 correlationId=1790131563937
2026-09-23T09:50:19.457+07:00  INFO 32964 --- [order-service] [ntainer#0-0-C-1] o.a.k.c.c.internals.ConsumerCoordinator  : [Consumer clientId=consumer-saga-audit-group-2, groupId=saga-audit-group] Request joining group due to: group is already rebalancing
2026-09-23T09:50:19.457+07:00  INFO 32964 --- [order-service] [ntainer#0-0-C-1] k.c.c.i.ConsumerRebalanceListenerInvoker : [Consumer clientId=consumer-saga-audit-group-2, groupId=saga-audit-group] Revoke previously assigned partitions []
2026-09-23T09:50:19.458+07:00  INFO 32964 --- [order-service] [ntainer#0-0-C-1] o.s.k.l.KafkaMessageListenerContainer    : saga-audit-group: partitions revoked: []
2026-09-23T09:50:19.458+07:00  INFO 32964 --- [order-service] [ntainer#0-0-C-1] o.a.k.c.c.internals.ConsumerCoordinator  : [Consumer clientId=consumer-saga-audit-group-2, groupId=saga-audit-group] (Re-)joining group
2026-09-23T09:50:19.503+07:00  INFO 32964 --- [order-service] [ntainer#0-0-C-1] o.a.k.c.c.internals.ConsumerCoordinator  : [Consumer clientId=consumer-saga-audit-group-2, groupId=saga-audit-group] Successfully joined group with generation Generation{generationId=26, memberId='consumer-saga-audit-group-2-7d167757-760b-41d0-8669-6955a4991ad3', protocol='range'}
2026-09-23T09:50:19.504+07:00  INFO 32964 --- [order-service] [ntainer#0-0-C-1] o.a.k.c.c.internals.ConsumerCoordinator  : [Consumer clientId=consumer-saga-audit-group-2, groupId=saga-audit-group] Finished assignment for group at generation 26: {consumer-saga-audit-group-1-c6e6cd0f-748b-4563-885f-8d0fbf97da5c=Assignment(partitions=[inventory-events-0, order-events-0, payment-events-0]), consumer-saga-audit-group-2-7d167757-760b-41d0-8669-6955a4991ad3=Assignment(partitions=[])}
2026-09-23T09:50:19.514+07:00  INFO 32964 --- [order-service] [ntainer#0-0-C-1] o.a.k.c.c.internals.ConsumerCoordinator  : [Consumer clientId=consumer-saga-audit-group-2, groupId=saga-audit-group] Successfully synced group in generation Generation{generationId=26, memberId='consumer-saga-audit-group-2-7d167757-760b-41d0-8669-6955a4991ad3', protocol='range'}
2026-09-23T09:50:19.514+07:00  INFO 32964 --- [order-service] [ntainer#0-0-C-1] o.a.k.c.c.internals.ConsumerCoordinator  : [Consumer clientId=consumer-saga-audit-group-2, groupId=saga-audit-group] Notifying assignor about the new Assignment(partitions=[])
2026-09-23T09:50:19.515+07:00  INFO 32964 --- [order-service] [ntainer#0-0-C-1] k.c.c.i.ConsumerRebalanceListenerInvoker : [Consumer clientId=consumer-saga-audit-group-2, groupId=saga-audit-group] Adding newly assigned partitions: []
2026-09-23T09:50:19.515+07:00  INFO 32964 --- [order-service] [ntainer#0-0-C-1] o.s.k.l.KafkaMessageListenerContainer    : saga-audit-group: partitions assigned: []
2026-09-23T09:50:31.008+07:00 DEBUG 32964 --- [order-service] [nio-8082-exec-7] org.hibernate.SQL                        : select o1_0.id,o1_0.amount,o1_0.created_at,o1_0.customer_id,o1_0.last_reason,o1_0.product_id,o1_0.quantity,o1_0.status,o1_0.updated_at from saga_orders o1_0 where o1_0.id=?
2026-09-23T09:50:31.008+07:00 TRACE 32964 --- [order-service] [nio-8082-exec-7] org.hibernate.orm.jdbc.bind              : binding parameter (1:BIGINT) <- [1790131563937]
2026-09-23T09:51:07.662+07:00  INFO 32964 --- [order-service] [rap-executor-%d] c.n.d.s.r.aws.ConfigClusterResolver      : Resolving eureka endpoints via configuration
2026-09-23T09:51:30.520+07:00 DEBUG 32964 --- [order-service] [ntainer#1-0-C-1] com.session14.saga.order.OrderService    : Order payment event ignored: type=PaymentCompleted correlationId=1790131563936
2026-09-23T09:51:30.554+07:00 DEBUG 32964 --- [order-service] [ntainer#2-0-C-1] org.hibernate.SQL                        : select o1_0.id,o1_0.amount,o1_0.created_at,o1_0.customer_id,o1_0.last_reason,o1_0.product_id,o1_0.quantity,o1_0.status,o1_0.updated_at from saga_orders o1_0 where o1_0.id=?
2026-09-23T09:51:30.554+07:00 TRACE 32964 --- [order-service] [ntainer#2-0-C-1] org.hibernate.orm.jdbc.bind              : binding parameter (1:BIGINT) <- [1790131563936]
2026-09-23T09:51:30.557+07:00  INFO 32964 --- [order-service] [ntainer#2-0-C-1] com.session14.saga.order.OrderService    : OrderService: received InventoryDeducted -> order 1790131563936 = CONFIRMED reason=null
2026-09-23T09:51:30.578+07:00 DEBUG 32964 --- [order-service] [ntainer#1-0-C-1] com.session14.saga.order.OrderService    : Order payment event ignored: type=PaymentCompleted correlationId=1790131563937
2026-09-23T09:51:30.606+07:00 DEBUG 32964 --- [order-service] [ntainer#2-0-C-1] org.hibernate.SQL                        : update saga_orders set amount=?,created_at=?,customer_id=?,last_reason=?,product_id=?,quantity=?,status=?,updated_at=? where id=?
2026-09-23T09:51:30.606+07:00 TRACE 32964 --- [order-service] [ntainer#2-0-C-1] org.hibernate.orm.jdbc.bind              : binding parameter (1:NUMERIC) <- [120.00]
2026-09-23T09:51:30.606+07:00 TRACE 32964 --- [order-service] [ntainer#2-0-C-1] org.hibernate.orm.jdbc.bind              : binding parameter (2:TIMESTAMP_UTC) <- [2026-09-23T02:49:49.991394Z]
2026-09-23T09:51:30.606+07:00 TRACE 32964 --- [order-service] [ntainer#2-0-C-1] org.hibernate.orm.jdbc.bind              : binding parameter (3:VARCHAR) <- [DEMO-PAYMENT-DOWN]
2026-09-23T09:51:30.613+07:00 TRACE 32964 --- [order-service] [ntainer#2-0-C-1] org.hibernate.orm.jdbc.bind              : binding parameter (4:VARCHAR) <- [null]
2026-09-23T09:51:30.613+07:00 TRACE 32964 --- [order-service] [ntainer#2-0-C-1] org.hibernate.orm.jdbc.bind              : binding parameter (5:BIGINT) <- [2]
2026-09-23T09:51:30.613+07:00 TRACE 32964 --- [order-service] [ntainer#2-0-C-1] org.hibernate.orm.jdbc.bind              : binding parameter (6:INTEGER) <- [1]
2026-09-23T09:51:30.614+07:00 TRACE 32964 --- [order-service] [ntainer#2-0-C-1] org.hibernate.orm.jdbc.bind              : binding parameter (7:VARCHAR) <- [CONFIRMED]
2026-09-23T09:51:30.614+07:00 TRACE 32964 --- [order-service] [ntainer#2-0-C-1] org.hibernate.orm.jdbc.bind              : binding parameter (8:TIMESTAMP_UTC) <- [2026-09-23T02:51:30.557351200Z]
2026-09-23T09:51:30.614+07:00 TRACE 32964 --- [order-service] [ntainer#2-0-C-1] org.hibernate.orm.jdbc.bind              : binding parameter (9:BIGINT) <- [1790131563936]
2026-09-23T09:51:30.657+07:00 DEBUG 32964 --- [order-service] [ntainer#2-0-C-1] org.hibernate.SQL                        : select o1_0.id,o1_0.amount,o1_0.created_at,o1_0.customer_id,o1_0.last_reason,o1_0.product_id,o1_0.quantity,o1_0.status,o1_0.updated_at from saga_orders o1_0 where o1_0.id=?
2026-09-23T09:51:30.667+07:00 TRACE 32964 --- [order-service] [ntainer#2-0-C-1] org.hibernate.orm.jdbc.bind              : binding parameter (1:BIGINT) <- [1790131563937]
2026-09-23T09:51:30.678+07:00  INFO 32964 --- [order-service] [ntainer#2-0-C-1] com.session14.saga.order.OrderService    : OrderService: received InventoryFailed -> order 1790131563937 = CANCELLED reason=Out of stock: only 0 left
2026-09-23T09:51:30.680+07:00 DEBUG 32964 --- [order-service] [ntainer#2-0-C-1] org.hibernate.SQL                        : update saga_orders set amount=?,created_at=?,customer_id=?,last_reason=?,product_id=?,quantity=?,status=?,updated_at=? where id=?
2026-09-23T09:51:30.680+07:00 TRACE 32964 --- [order-service] [ntainer#2-0-C-1] org.hibernate.orm.jdbc.bind              : binding parameter (1:NUMERIC) <- [80.00]
2026-09-23T09:51:30.681+07:00 TRACE 32964 --- [order-service] [ntainer#2-0-C-1] org.hibernate.orm.jdbc.bind              : binding parameter (2:TIMESTAMP_UTC) <- [2026-09-23T02:50:14.552905Z]
2026-09-23T09:51:30.681+07:00 TRACE 32964 --- [order-service] [ntainer#2-0-C-1] org.hibernate.orm.jdbc.bind              : binding parameter (3:VARCHAR) <- [DEMO-INVENTORY-FAIL]
2026-09-23T09:51:30.681+07:00 TRACE 32964 --- [order-service] [ntainer#2-0-C-1] org.hibernate.orm.jdbc.bind              : binding parameter (4:VARCHAR) <- [Out of stock: only 0 left]
2026-09-23T09:51:30.682+07:00 TRACE 32964 --- [order-service] [ntainer#2-0-C-1] org.hibernate.orm.jdbc.bind              : binding parameter (5:BIGINT) <- [4]
2026-09-23T09:51:30.682+07:00 TRACE 32964 --- [order-service] [ntainer#2-0-C-1] org.hibernate.orm.jdbc.bind              : binding parameter (6:INTEGER) <- [1]
2026-09-23T09:51:30.682+07:00 TRACE 32964 --- [order-service] [ntainer#2-0-C-1] org.hibernate.orm.jdbc.bind              : binding parameter (7:VARCHAR) <- [CANCELLED]
2026-09-23T09:51:30.682+07:00 TRACE 32964 --- [order-service] [ntainer#2-0-C-1] org.hibernate.orm.jdbc.bind              : binding parameter (8:TIMESTAMP_UTC) <- [2026-09-23T02:51:30.678778Z]
2026-09-23T09:51:30.682+07:00 TRACE 32964 --- [order-service] [ntainer#2-0-C-1] org.hibernate.orm.jdbc.bind              : binding parameter (9:BIGINT) <- [1790131563937]
2026-09-23T09:51:30.722+07:00 DEBUG 32964 --- [order-service] [ntainer#1-0-C-1] com.session14.saga.order.OrderService    : Order payment event ignored: type=PaymentRefunded correlationId=1790131563937
2026-09-23T09:51:31.827+07:00  INFO 32964 --- [order-service] [ntainer#0-0-C-1] o.a.k.c.c.internals.ConsumerCoordinator  : [Consumer clientId=consumer-saga-audit-group-2, groupId=saga-audit-group] Request joining group due to: group is already rebalancing
2026-09-23T09:51:31.828+07:00  INFO 32964 --- [order-service] [ntainer#0-0-C-1] k.c.c.i.ConsumerRebalanceListenerInvoker : [Consumer clientId=consumer-saga-audit-group-2, groupId=saga-audit-group] Revoke previously assigned partitions []
2026-09-23T09:51:31.828+07:00  INFO 32964 --- [order-service] [ntainer#0-0-C-1] o.s.k.l.KafkaMessageListenerContainer    : saga-audit-group: partitions revoked: []
2026-09-23T09:51:31.828+07:00  INFO 32964 --- [order-service] [ntainer#0-0-C-1] o.a.k.c.c.internals.ConsumerCoordinator  : [Consumer clientId=consumer-saga-audit-group-2, groupId=saga-audit-group] (Re-)joining group
2026-09-23T09:51:31.850+07:00  INFO 32964 --- [order-service] [ntainer#0-0-C-1] o.a.k.c.c.internals.ConsumerCoordinator  : [Consumer clientId=consumer-saga-audit-group-2, groupId=saga-audit-group] Successfully joined group with generation Generation{generationId=27, memberId='consumer-saga-audit-group-2-7d167757-760b-41d0-8669-6955a4991ad3', protocol='range'}
2026-09-23T09:51:31.856+07:00  INFO 32964 --- [order-service] [ntainer#0-0-C-1] o.a.k.c.c.internals.ConsumerCoordinator  : [Consumer clientId=consumer-saga-audit-group-2, groupId=saga-audit-group] Finished assignment for group at generation 27: {consumer-saga-audit-group-2-f142f075-35bc-477e-a096-6992ee5e564b=Assignment(partitions=[]), consumer-saga-audit-group-1-c6e6cd0f-748b-4563-885f-8d0fbf97da5c=Assignment(partitions=[inventory-events-0, order-events-0, payment-events-0]), consumer-saga-audit-group-2-7d167757-760b-41d0-8669-6955a4991ad3=Assignment(partitions=[])}
2026-09-23T09:51:31.865+07:00  INFO 32964 --- [order-service] [ntainer#0-0-C-1] o.a.k.c.c.internals.ConsumerCoordinator  : [Consumer clientId=consumer-saga-audit-group-2, groupId=saga-audit-group] Successfully synced group in generation Generation{generationId=27, memberId='consumer-saga-audit-group-2-7d167757-760b-41d0-8669-6955a4991ad3', protocol='range'}
2026-09-23T09:51:31.866+07:00  INFO 32964 --- [order-service] [ntainer#0-0-C-1] o.a.k.c.c.internals.ConsumerCoordinator  : [Consumer clientId=consumer-saga-audit-group-2, groupId=saga-audit-group] Notifying assignor about the new Assignment(partitions=[])
2026-09-23T09:51:31.867+07:00  INFO 32964 --- [order-service] [ntainer#0-0-C-1] k.c.c.i.ConsumerRebalanceListenerInvoker : [Consumer clientId=consumer-saga-audit-group-2, groupId=saga-audit-group] Adding newly assigned partitions: []
2026-09-23T09:51:31.867+07:00  INFO 32964 --- [order-service] [ntainer#0-0-C-1] o.s.k.l.KafkaMessageListenerContainer    : saga-audit-group: partitions assigned: []
2026-09-23T09:51:53.146+07:00  INFO 32964 --- [order-service] [nio-8082-exec-2] com.session14.saga.order.OrderService    : Saga start: productId=4 quantity=1 amount=80.00 customerId=DEMO-INVENTORY-FAIL-2
2026-09-23T09:51:53.148+07:00 DEBUG 32964 --- [order-service] [nio-8082-exec-2] org.hibernate.SQL                        : select o1_0.id,o1_0.amount,o1_0.created_at,o1_0.customer_id,o1_0.last_reason,o1_0.product_id,o1_0.quantity,o1_0.status,o1_0.updated_at from saga_orders o1_0 where o1_0.id=?
2026-09-23T09:51:53.149+07:00 TRACE 32964 --- [order-service] [nio-8082-exec-2] org.hibernate.orm.jdbc.bind              : binding parameter (1:BIGINT) <- [1790131563938]
2026-09-23T09:51:53.152+07:00  INFO 32964 --- [order-service] [nio-8082-exec-2] com.session14.saga.order.OrderService    : OrderService: OrderCreated orderId=1790131563938 correlationId=1790131563938 amount=80.00
2026-09-23T09:51:53.152+07:00  INFO 32964 --- [order-service] [nio-8082-exec-2] c.session14.saga.common.EventPublisher   : Saga event publish started: topic=order-events type=OrderCreated eventId=2eee9ae3-6c95-427a-bd45-dc5eb037e676 correlationId=1790131563938 orderId=1790131563938 productId=4
2026-09-23T09:51:53.154+07:00 DEBUG 32964 --- [order-service] [nio-8082-exec-2] org.hibernate.SQL                        : insert into saga_orders (amount,created_at,customer_id,last_reason,product_id,quantity,status,updated_at,id) values (?,?,?,?,?,?,?,?,?)
2026-09-23T09:51:53.155+07:00 TRACE 32964 --- [order-service] [nio-8082-exec-2] org.hibernate.orm.jdbc.bind              : binding parameter (1:NUMERIC) <- [80.00]
2026-09-23T09:51:53.155+07:00 TRACE 32964 --- [order-service] [nio-8082-exec-2] org.hibernate.orm.jdbc.bind              : binding parameter (2:TIMESTAMP_UTC) <- [2026-09-23T02:51:53.147962900Z]
2026-09-23T09:51:53.155+07:00 TRACE 32964 --- [order-service] [nio-8082-exec-2] org.hibernate.orm.jdbc.bind              : binding parameter (3:VARCHAR) <- [DEMO-INVENTORY-FAIL-2]
2026-09-23T09:51:53.155+07:00 TRACE 32964 --- [order-service] [nio-8082-exec-2] org.hibernate.orm.jdbc.bind              : binding parameter (4:VARCHAR) <- [null]
2026-09-23T09:51:53.155+07:00 TRACE 32964 --- [order-service] [nio-8082-exec-2] org.hibernate.orm.jdbc.bind              : binding parameter (5:BIGINT) <- [4]
2026-09-23T09:51:53.155+07:00 TRACE 32964 --- [order-service] [nio-8082-exec-2] org.hibernate.orm.jdbc.bind              : binding parameter (6:INTEGER) <- [1]
2026-09-23T09:51:53.155+07:00 TRACE 32964 --- [order-service] [nio-8082-exec-2] org.hibernate.orm.jdbc.bind              : binding parameter (7:VARCHAR) <- [PENDING]
2026-09-23T09:51:53.155+07:00 TRACE 32964 --- [order-service] [nio-8082-exec-2] org.hibernate.orm.jdbc.bind              : binding parameter (8:TIMESTAMP_UTC) <- [2026-09-23T02:51:53.147962900Z]
2026-09-23T09:51:53.155+07:00 TRACE 32964 --- [order-service] [nio-8082-exec-2] org.hibernate.orm.jdbc.bind              : binding parameter (9:BIGINT) <- [1790131563938]
2026-09-23T09:51:53.164+07:00  INFO 32964 --- [order-service] [vice-producer-1] c.session14.saga.common.EventPublisher   : Saga event publish completed: topic=order-events partition=0 offset=19 type=OrderCreated eventId=2eee9ae3-6c95-427a-bd45-dc5eb037e676 correlationId=1790131563938
2026-09-23T09:51:53.198+07:00 DEBUG 32964 --- [order-service] [ntainer#1-0-C-1] com.session14.saga.order.OrderService    : Order payment event ignored: type=PaymentCompleted correlationId=1790131563938
2026-09-23T09:51:53.228+07:00 DEBUG 32964 --- [order-service] [ntainer#2-0-C-1] org.hibernate.SQL                        : select o1_0.id,o1_0.amount,o1_0.created_at,o1_0.customer_id,o1_0.last_reason,o1_0.product_id,o1_0.quantity,o1_0.status,o1_0.updated_at from saga_orders o1_0 where o1_0.id=?
2026-09-23T09:51:53.228+07:00 TRACE 32964 --- [order-service] [ntainer#2-0-C-1] org.hibernate.orm.jdbc.bind              : binding parameter (1:BIGINT) <- [1790131563938]
2026-09-23T09:51:53.235+07:00  INFO 32964 --- [order-service] [ntainer#2-0-C-1] com.session14.saga.order.OrderService    : OrderService: received InventoryFailed -> order 1790131563938 = CANCELLED reason=Out of stock: only 0 left
2026-09-23T09:51:53.238+07:00 DEBUG 32964 --- [order-service] [ntainer#2-0-C-1] org.hibernate.SQL                        : update saga_orders set amount=?,created_at=?,customer_id=?,last_reason=?,product_id=?,quantity=?,status=?,updated_at=? where id=?
2026-09-23T09:51:53.239+07:00 TRACE 32964 --- [order-service] [ntainer#2-0-C-1] org.hibernate.orm.jdbc.bind              : binding parameter (1:NUMERIC) <- [80.00]
2026-09-23T09:51:53.239+07:00 TRACE 32964 --- [order-service] [ntainer#2-0-C-1] org.hibernate.orm.jdbc.bind              : binding parameter (2:TIMESTAMP_UTC) <- [2026-09-23T02:51:53.147963Z]
2026-09-23T09:51:53.239+07:00 TRACE 32964 --- [order-service] [ntainer#2-0-C-1] org.hibernate.orm.jdbc.bind              : binding parameter (3:VARCHAR) <- [DEMO-INVENTORY-FAIL-2]
2026-09-23T09:51:53.239+07:00 TRACE 32964 --- [order-service] [ntainer#2-0-C-1] org.hibernate.orm.jdbc.bind              : binding parameter (4:VARCHAR) <- [Out of stock: only 0 left]
2026-09-23T09:51:53.239+07:00 TRACE 32964 --- [order-service] [ntainer#2-0-C-1] org.hibernate.orm.jdbc.bind              : binding parameter (5:BIGINT) <- [4]
2026-09-23T09:51:53.239+07:00 TRACE 32964 --- [order-service] [ntainer#2-0-C-1] org.hibernate.orm.jdbc.bind              : binding parameter (6:INTEGER) <- [1]
2026-09-23T09:51:53.239+07:00 TRACE 32964 --- [order-service] [ntainer#2-0-C-1] org.hibernate.orm.jdbc.bind              : binding parameter (7:VARCHAR) <- [CANCELLED]
2026-09-23T09:51:53.240+07:00 TRACE 32964 --- [order-service] [ntainer#2-0-C-1] org.hibernate.orm.jdbc.bind              : binding parameter (8:TIMESTAMP_UTC) <- [2026-09-23T02:51:53.235702100Z]
2026-09-23T09:51:53.240+07:00 TRACE 32964 --- [order-service] [ntainer#2-0-C-1] org.hibernate.orm.jdbc.bind              : binding parameter (9:BIGINT) <- [1790131563938]
2026-09-23T09:51:53.261+07:00 DEBUG 32964 --- [order-service] [ntainer#1-0-C-1] com.session14.saga.order.OrderService    : Order payment event ignored: type=PaymentRefunded correlationId=1790131563938
2026-09-23T09:52:09.792+07:00 DEBUG 32964 --- [order-service] [io-8082-exec-10] org.hibernate.SQL                        : select o1_0.id,o1_0.amount,o1_0.created_at,o1_0.customer_id,o1_0.last_reason,o1_0.product_id,o1_0.quantity,o1_0.status,o1_0.updated_at from saga_orders o1_0 where o1_0.id=?
2026-09-23T09:52:09.793+07:00 TRACE 32964 --- [order-service] [io-8082-exec-10] org.hibernate.orm.jdbc.bind              : binding parameter (1:BIGINT) <- [1790131563938]
